<html>
<body>
<pre>
<h1>礦ision Build Log</h1>
<h2>Project:</h2>
E:\STM32设计\BC28资料\BC28开发资料\04_STM32L_单片机源代码\09_UDP模拟网络灯发ADXL345\STM32L1xx_StdPeriph_Lib_V1.3.1\Project\Test\MDK-ARM\Project.uvproj
Project File Date:  10/16/2018

<h2>Output:</h2>
Build target 'STM32L1XX_MD(STM32L1xxxBxx)'
linking...
Program Size: Code=11156 RO-data=428 RW-data=216 ZI-data=1352  
FromELF: creating hex file...
".\STM32L152-EVAL\STM32L152-EVAL.axf" - 0 Errors, 0 Warning(s).
Build target 'STM32L1XX_MD(STM32L1xxxBxx)'
linking...
Program Size: Code=11156 RO-data=428 RW-data=216 ZI-data=1352  
FromELF: creating hex file...
".\STM32L152-EVAL\STM32L152-EVAL.axf" - 0 Errors, 0 Warning(s).
Load "E:\\STM32设计\\BC28资料\\BC28开发资料\\04_STM32L_单片机源代码\\09_UDP模拟网络灯发ADXL345\\STM32L1xx_StdPeriph_Lib_V1.3.1\\Project\\Test\\MDK-ARM\\STM32L152-EVAL\\STM32L152-EVAL.axf" 
Erase Done.
Programming Done.
Verify OK.
Application running ...
