<html>
<body>
<pre>
<h1>µVision Build Log</h1>
<h2>Tool Versions:</h2>
IDE-Version: ¦ÌVision V5.14.0.0
Copyright (C) 2015 ARM Ltd and ARM Germany GmbH. All rights reserved.
License Information: 1 can ge, 12, LIC=9N0UH-WPCWU-038M2-9RPV0-VFY8R-DRIXD
 
Tool Versions:
Toolchain:       MDK-ARM Professional  Version: 5.14.0.0
Toolchain Path:  F:\Keil_v5\ARM\ARMCC\Bin
C Compiler:      Armcc.exe V5.05 update 1 (build 106)
Assembler:       Armasm.exe V5.05 update 1 (build 106)
Linker/Locator:  ArmLink.exe V5.05 update 1 (build 106)
Library Manager: ArmAr.exe V5.05 update 1 (build 106)
Hex Converter:   FromElf.exe V5.05 update 1 (build 106)
CPU DLL:         SARMCM3.DLL V5.14.0.0
Dialog DLL:      DCM.DLL V1.13.1.0
Target DLL:      STLink\ST-LINKIII-KEIL_SWO.dll V2.0.14.0_KEIL
Dialog DLL:      TCM.DLL V1.14.4.0
 
<h2>Project:</h2>
C:\Users\can ge\Desktop\BC28\STM32L1xx_StdPeriph_Lib_V1.3.1\Project\Test\MDK-ARM\Project.uvprojx
Project File Date:  12/27/2018

<h2>Output:</h2>
Build target 'STM32L1XX_MD(STM32L1xxxBxx)'
compiling BC28.c...
..\..\HARDWARE\BC28\BC28.c(10): warning:  #177-D: variable "i" was declared but never referenced
                u8 i;
..\..\HARDWARE\BC28\BC28.c(19): warning:  #223-D: function "Delay" declared implicitly
      Delay(300);
..\..\HARDWARE\BC28\BC28.c(154): warning:  #223-D: function "Delay" declared implicitly
      Delay(300);
..\..\HARDWARE\BC28\BC28.c(194): warning:  #223-D: function "Delay" declared implicitly
      Delay(300);
..\..\HARDWARE\BC28\BC28.c(230): warning:  #223-D: function "Delay" declared implicitly
        Delay(300);
..\..\HARDWARE\BC28\BC28.c(255): warning:  #223-D: function "Delay" declared implicitly
              Delay(300);
..\..\HARDWARE\BC28\BC28.c(274): warning:  #1-D: last line of file ends without a newline
  }
..\..\HARDWARE\BC28\BC28.c(242): warning:  #177-D: variable "nexti" was declared but never referenced
        static char nexti;
..\..\HARDWARE\BC28\BC28.c: 8 warnings, 0 errors
linking...
Program Size: Code=13152 RO-data=276 RW-data=100 ZI-data=1460  
FromELF: creating hex file...
".\STM32L152-EVAL\STM32L152-EVAL.axf" - 0 Error(s), 8 Warning(s).

<h2>Collection of Component include folders:</h2>
  C:\Users\can ge\Desktop\BC28\STM32L1xx_StdPeriph_Lib_V1.3.1\Project\Test\MDK-ARM\RTE
  F:\Keil_v5\ARM\PACK\Keil\STM32L1xx_DFP\1.2.0

<h2>Collection of Component Files used:</h2>
</pre>
</body>
</html>
