Component: ARM Compiler 5.05 update 1 (build 106) Tool: armlink [4d0efa]

==============================================================================

Section Cross References

    main.o(i.GetHumidata) refers to dht11.o(i.DHT11_Read_Data) for DHT11_Read_Data
    main.o(i.GetHumidata) refers to main.o(i.Getipdata) for Getipdata
    main.o(i.GetHumidata) refers to main.o(i.GetTime) for GetTime
    main.o(i.GetHumidata) refers to bc28.o(i.BC28_Senddata) for BC28_Senddata
    main.o(i.GetHumidata) refers to main.o(.bss) for sendata
    main.o(i.GetTempdata) refers to dht11.o(i.DHT11_Read_Data) for DHT11_Read_Data
    main.o(i.GetTempdata) refers to main.o(i.Getipdata) for Getipdata
    main.o(i.GetTempdata) refers to main.o(i.GetTime) for GetTime
    main.o(i.GetTempdata) refers to bc28.o(i.BC28_Senddata) for BC28_Senddata
    main.o(i.GetTempdata) refers to main.o(.bss) for sendata
    main.o(i.GetTime) refers to stm32l1xx_rtc.o(i.RTC_GetTime) for RTC_GetTime
    main.o(i.GetTime) refers to printf6.o(i.__0sprintf$6) for __2sprintf
    main.o(i.GetTime) refers to stm32l1xx_rtc.o(i.RTC_GetDate) for RTC_GetDate
    main.o(i.GetTime) refers to main.o(.bss) for sendata
    main.o(i.Getipdata) refers to main.o(.bss) for sendata
    main.o(i.SendLsens) refers to adc.o(i.Lsens_Get_Val) for Lsens_Get_Val
    main.o(i.SendLsens) refers to stm32l1xx_tim.o(i.TIM_SetCompare2) for TIM_SetCompare2
    main.o(i.SendLsens) refers to main.o(i.Getipdata) for Getipdata
    main.o(i.SendLsens) refers to main.o(i.GetTime) for GetTime
    main.o(i.SendLsens) refers to bc28.o(i.BC28_Senddata) for BC28_Senddata
    main.o(i.SendLsens) refers to main.o(.bss) for sendata
    main.o(i.TimingDelay_Decrement) refers to main.o(.data) for TimingDelay
    main.o(i.dustDensi) refers to adc.o(i.Get_GP2Y) for Get_GP2Y
    main.o(i.dustDensi) refers to ffixi.o(.text) for __aeabi_f2iz
    main.o(i.dustDensi) refers to main.o(i.Getipdata) for Getipdata
    main.o(i.dustDensi) refers to main.o(i.GetTime) for GetTime
    main.o(i.dustDensi) refers to bc28.o(i.BC28_Senddata) for BC28_Senddata
    main.o(i.dustDensi) refers to main.o(.bss) for sendata
    main.o(i.main) refers to delay.o(i.delay_init) for delay_init
    main.o(i.main) refers to led.o(i.LED_Init) for LED_Init
    main.o(i.main) refers to dht11.o(i.DHT11_Init) for DHT11_Init
    main.o(i.main) refers to usart.o(i.uart_init) for uart_init
    main.o(i.main) refers to usart.o(i.uart2_init) for uart2_init
    main.o(i.main) refers to usart.o(i.uart3_init) for uart3_init
    main.o(i.main) refers to timer.o(i.TIM3_Int_Init) for TIM3_Int_Init
    main.o(i.main) refers to timer.o(i.TIM4_Int_Init) for TIM4_Int_Init
    main.o(i.main) refers to bc28.o(i.BC28_Init) for BC28_Init
    main.o(i.main) refers to bc28.o(i.BC28_PDPACT) for BC28_PDPACT
    main.o(i.main) refers to bc28.o(i.BC28_ConUDP) for BC28_ConUDP
    main.o(i.main) refers to adc.o(i.ADC_Config) for ADC_Config
    main.o(i.main) refers to rtc.o(i.RTC_Config) for RTC_Config
    main.o(i.main) refers to main.o(i.GetTempdata) for GetTempdata
    main.o(i.main) refers to delay.o(i.delay_ms) for delay_ms
    main.o(i.main) refers to main.o(i.GetHumidata) for GetHumidata
    main.o(i.main) refers to main.o(i.dustDensi) for dustDensi
    main.o(i.main) refers to main.o(i.SendLsens) for SendLsens
    main.o(i.main) refers to stm32l1xx_gpio.o(i.GPIO_ToggleBits) for GPIO_ToggleBits
    main.o(i.main) refers to system_stm32l1xx.o(.data) for SystemCoreClock
    bc28.o(i.BC28_ConUDP) refers to bc28.o(i.BC28_Init) for BC28_Init
    bc28.o(i.BC28_ConUDP) refers to bc28.o(i.BC28_PDPACT) for BC28_PDPACT
    bc28.o(i.BC28_ConUDP) refers to printf6.o(i.__0printf$6) for __2printf
    bc28.o(i.BC28_ConUDP) refers to delay.o(i.Delay) for Delay
    bc28.o(i.BC28_ConUDP) refers to bc28.o(i.Clear_Buffer) for Clear_Buffer
    bc28.o(i.BC28_ConUDP) refers to strstr.o(.text) for strstr
    bc28.o(i.BC28_ConUDP) refers to usart.o(.bss) for RxBuffer
    bc28.o(i.BC28_ConUDP) refers to bc28.o(.data) for strx
    bc28.o(i.BC28_ConUDP) refers to bc28.o(.bss) for BC28_Status
    bc28.o(i.BC28_Init) refers to printf6.o(i.__0printf$6) for __2printf
    bc28.o(i.BC28_Init) refers to delay.o(i.Delay) for Delay
    bc28.o(i.BC28_Init) refers to strstr.o(.text) for strstr
    bc28.o(i.BC28_Init) refers to bc28.o(i.Clear_Buffer) for Clear_Buffer
    bc28.o(i.BC28_Init) refers to usart.o(i.Uart1_SendStr) for Uart1_SendStr
    bc28.o(i.BC28_Init) refers to usart.o(.bss) for RxBuffer
    bc28.o(i.BC28_Init) refers to bc28.o(.data) for strx
    bc28.o(i.BC28_Init) refers to bc28.o(.bss) for BC28_Status
    bc28.o(i.BC28_PDPACT) refers to printf6.o(i.__0printf$6) for __2printf
    bc28.o(i.BC28_PDPACT) refers to delay.o(i.Delay) for Delay
    bc28.o(i.BC28_PDPACT) refers to strstr.o(.text) for strstr
    bc28.o(i.BC28_PDPACT) refers to bc28.o(i.Clear_Buffer) for Clear_Buffer
    bc28.o(i.BC28_PDPACT) refers to usart.o(.bss) for RxBuffer
[...]
    Removing stm32l1xx_tim.o(i.TI3_Config), (72 bytes).
    Removing stm32l1xx_tim.o(i.TI4_Config), (80 bytes).
    Removing stm32l1xx_tim.o(i.TIM_ARRPreloadConfig), (24 bytes).
    Removing stm32l1xx_tim.o(i.TIM_CCxCmd), (30 bytes).
    Removing stm32l1xx_tim.o(i.TIM_ClearFlag), (6 bytes).
    Removing stm32l1xx_tim.o(i.TIM_ClearOC1Ref), (18 bytes).
    Removing stm32l1xx_tim.o(i.TIM_ClearOC2Ref), (24 bytes).
    Removing stm32l1xx_tim.o(i.TIM_ClearOC3Ref), (18 bytes).
    Removing stm32l1xx_tim.o(i.TIM_ClearOC4Ref), (24 bytes).
    Removing stm32l1xx_tim.o(i.TIM_CounterModeConfig), (18 bytes).
    Removing stm32l1xx_tim.o(i.TIM_DMACmd), (18 bytes).
    Removing stm32l1xx_tim.o(i.TIM_DMAConfig), (10 bytes).
    Removing stm32l1xx_tim.o(i.TIM_DeInit), (252 bytes).
    Removing stm32l1xx_tim.o(i.TIM_ETRClockMode1Config), (54 bytes).
    Removing stm32l1xx_tim.o(i.TIM_ETRClockMode2Config), (32 bytes).
    Removing stm32l1xx_tim.o(i.TIM_ETRConfig), (28 bytes).
    Removing stm32l1xx_tim.o(i.TIM_EncoderInterfaceConfig), (66 bytes).
    Removing stm32l1xx_tim.o(i.TIM_ForcedOC1Config), (18 bytes).
    Removing stm32l1xx_tim.o(i.TIM_ForcedOC2Config), (26 bytes).
    Removing stm32l1xx_tim.o(i.TIM_ForcedOC3Config), (18 bytes).
    Removing stm32l1xx_tim.o(i.TIM_ForcedOC4Config), (26 bytes).
    Removing stm32l1xx_tim.o(i.TIM_GenerateEvent), (4 bytes).
    Removing stm32l1xx_tim.o(i.TIM_GetCapture1), (6 bytes).
    Removing stm32l1xx_tim.o(i.TIM_GetCapture2), (6 bytes).
    Removing stm32l1xx_tim.o(i.TIM_GetCapture3), (6 bytes).
    Removing stm32l1xx_tim.o(i.TIM_GetCapture4), (6 bytes).
    Removing stm32l1xx_tim.o(i.TIM_GetCounter), (6 bytes).
    Removing stm32l1xx_tim.o(i.TIM_GetFlagStatus), (18 bytes).
    Removing stm32l1xx_tim.o(i.TIM_GetPrescaler), (6 bytes).
    Removing stm32l1xx_tim.o(i.TIM_ICInit), (110 bytes).
    Removing stm32l1xx_tim.o(i.TIM_ICStructInit), (18 bytes).
    Removing stm32l1xx_tim.o(i.TIM_ITRxExternalClockConfig), (24 bytes).
    Removing stm32l1xx_tim.o(i.TIM_InternalClockConfig), (12 bytes).
    Removing stm32l1xx_tim.o(i.TIM_OC1FastConfig), (18 bytes).
    Removing stm32l1xx_tim.o(i.TIM_OC1Init), (56 bytes).
    Removing stm32l1xx_tim.o(i.TIM_OC1PolarityConfig), (18 bytes).
    Removing stm32l1xx_tim.o(i.TIM_OC1PreloadConfig), (18 bytes).
    Removing stm32l1xx_tim.o(i.TIM_OC2FastConfig), (26 bytes).
    Removing stm32l1xx_tim.o(i.TIM_OC2Init), (70 bytes).
    Removing stm32l1xx_tim.o(i.TIM_OC2PolarityConfig), (26 bytes).
    Removing stm32l1xx_tim.o(i.TIM_OC2PreloadConfig), (26 bytes).
    Removing stm32l1xx_tim.o(i.TIM_OC3FastConfig), (18 bytes).
    Removing stm32l1xx_tim.o(i.TIM_OC3Init), (66 bytes).
    Removing stm32l1xx_tim.o(i.TIM_OC3PolarityConfig), (26 bytes).
    Removing stm32l1xx_tim.o(i.TIM_OC3PreloadConfig), (18 bytes).
    Removing stm32l1xx_tim.o(i.TIM_OC4FastConfig), (26 bytes).
    Removing stm32l1xx_tim.o(i.TIM_OC4Init), (70 bytes).
    Removing stm32l1xx_tim.o(i.TIM_OC4PolarityConfig), (26 bytes).
    Removing stm32l1xx_tim.o(i.TIM_OC4PreloadConfig), (26 bytes).
    Removing stm32l1xx_tim.o(i.TIM_OCStructInit), (12 bytes).
    Removing stm32l1xx_tim.o(i.TIM_PWMIConfig), (124 bytes).
    Removing stm32l1xx_tim.o(i.TIM_PrescalerConfig), (6 bytes).
    Removing stm32l1xx_tim.o(i.TIM_RemapConfig), (22 bytes).
    Removing stm32l1xx_tim.o(i.TIM_SelectCCDMA), (24 bytes).
    Removing stm32l1xx_tim.o(i.TIM_SelectHallSensor), (24 bytes).
    Removing stm32l1xx_tim.o(i.TIM_SelectInputTrigger), (18 bytes).
    Removing stm32l1xx_tim.o(i.TIM_SelectMasterSlaveMode), (18 bytes).
    Removing stm32l1xx_tim.o(i.TIM_SelectOCREFClear), (18 bytes).
    Removing stm32l1xx_tim.o(i.TIM_SelectOCxM), (82 bytes).
    Removing stm32l1xx_tim.o(i.TIM_SelectOnePulseMode), (18 bytes).
    Removing stm32l1xx_tim.o(i.TIM_SelectOutputTrigger), (18 bytes).
    Removing stm32l1xx_tim.o(i.TIM_SelectSlaveMode), (18 bytes).
    Removing stm32l1xx_tim.o(i.TIM_SetAutoreload), (4 bytes).
    Removing stm32l1xx_tim.o(i.TIM_SetClockDivision), (18 bytes).
    Removing stm32l1xx_tim.o(i.TIM_SetCompare1), (4 bytes).
    Removing stm32l1xx_tim.o(i.TIM_SetCompare3), (4 bytes).
    Removing stm32l1xx_tim.o(i.TIM_SetCompare4), (4 bytes).
    Removing stm32l1xx_tim.o(i.TIM_SetCounter), (4 bytes).
    Removing stm32l1xx_tim.o(i.TIM_SetIC1Prescaler), (18 bytes).
    Removing stm32l1xx_tim.o(i.TIM_SetIC2Prescaler), (26 bytes).
    Removing stm32l1xx_tim.o(i.TIM_SetIC3Prescaler), (18 bytes).
    Removing stm32l1xx_tim.o(i.TIM_SetIC4Prescaler), (26 bytes).
    Removing stm32l1xx_tim.o(i.TIM_TIxExternalClockConfig), (62 bytes).
    Removing stm32l1xx_tim.o(i.TIM_TimeBaseStructInit), (16 bytes).
    Removing stm32l1xx_tim.o(i.TIM_UpdateDisableConfig), (24 bytes).
    Removing stm32l1xx_tim.o(i.TIM_UpdateRequestConfig), (24 bytes).
    Removing stm32l1xx_usart.o(.rev16_text), (4 bytes).
    Removing stm32l1xx_usart.o(.revsh_text), (4 bytes).
    Removing stm32l1xx_usart.o(i.USART_ClearFlag), (18 bytes).
    Removing stm32l1xx_usart.o(i.USART_ClearITPendingBit), (30 bytes).
    Removing stm32l1xx_usart.o(i.USART_ClockInit), (32 bytes).
    Removing stm32l1xx_usart.o(i.USART_ClockStructInit), (12 bytes).
    Removing stm32l1xx_usart.o(i.USART_DMACmd), (18 bytes).
    Removing stm32l1xx_usart.o(i.USART_DeInit), (156 bytes).
    Removing stm32l1xx_usart.o(i.USART_GetFlagStatus), (26 bytes).
    Removing stm32l1xx_usart.o(i.USART_HalfDuplexCmd), (24 bytes).
    Removing stm32l1xx_usart.o(i.USART_IrDACmd), (24 bytes).
    Removing stm32l1xx_usart.o(i.USART_IrDAConfig), (18 bytes).
    Removing stm32l1xx_usart.o(i.USART_LINBreakDetectLengthConfig), (18 bytes).
    Removing stm32l1xx_usart.o(i.USART_LINCmd), (24 bytes).
    Removing stm32l1xx_usart.o(i.USART_OneBitMethodCmd), (24 bytes).
    Removing stm32l1xx_usart.o(i.USART_OverSampling8Cmd), (22 bytes).
    Removing stm32l1xx_usart.o(i.USART_ReceiverWakeUpCmd), (24 bytes).
    Removing stm32l1xx_usart.o(i.USART_SendBreak), (10 bytes).
    Removing stm32l1xx_usart.o(i.USART_SendData), (8 bytes).
    Removing stm32l1xx_usart.o(i.USART_SetAddress), (18 bytes).
    Removing stm32l1xx_usart.o(i.USART_SetGuardTime), (16 bytes).
    Removing stm32l1xx_usart.o(i.USART_SetPrescaler), (16 bytes).
    Removing stm32l1xx_usart.o(i.USART_SmartCardCmd), (24 bytes).
    Removing stm32l1xx_usart.o(i.USART_SmartCardNACKCmd), (24 bytes).
    Removing stm32l1xx_usart.o(i.USART_StructInit), (24 bytes).
    Removing stm32l1xx_usart.o(i.USART_WakeUpConfig), (18 bytes).
    Removing stm32l1xx_wwdg.o(.rev16_text), (4 bytes).
    Removing stm32l1xx_wwdg.o(.revsh_text), (4 bytes).
    Removing stm32l1xx_wwdg.o(i.WWDG_ClearFlag), (12 bytes).
    Removing stm32l1xx_wwdg.o(i.WWDG_DeInit), (22 bytes).
    Removing stm32l1xx_wwdg.o(i.WWDG_Enable), (16 bytes).
    Removing stm32l1xx_wwdg.o(i.WWDG_EnableIT), (12 bytes).
    Removing stm32l1xx_wwdg.o(i.WWDG_GetFlagStatus), (20 bytes).
    Removing stm32l1xx_wwdg.o(i.WWDG_SetCounter), (16 bytes).
    Removing stm32l1xx_wwdg.o(i.WWDG_SetPrescaler), (24 bytes).
    Removing stm32l1xx_wwdg.o(i.WWDG_SetWindowValue), (40 bytes).
    Removing stm32l1xx_aes_util.o(.rev16_text), (4 bytes).
    Removing stm32l1xx_aes_util.o(.revsh_text), (4 bytes).
    Removing stm32l1xx_aes_util.o(i.AES_CBC_Decrypt), (282 bytes).
    Removing stm32l1xx_aes_util.o(i.AES_CBC_Encrypt), (282 bytes).
    Removing stm32l1xx_aes_util.o(i.AES_CTR_Decrypt), (282 bytes).
    Removing stm32l1xx_aes_util.o(i.AES_CTR_Encrypt), (282 bytes).
    Removing stm32l1xx_aes_util.o(i.AES_ECB_Decrypt), (246 bytes).
    Removing stm32l1xx_aes_util.o(i.AES_ECB_Encrypt), (244 bytes).
    Removing system_stm32l1xx.o(.rev16_text), (4 bytes).
    Removing system_stm32l1xx.o(.revsh_text), (4 bytes).
    Removing system_stm32l1xx.o(i.SystemCoreClockUpdate), (220 bytes).
    Removing startup_stm32l1xx_md.o(HEAP), (512 bytes).
    Removing usart.o(.rev16_text), (4 bytes).
    Removing usart.o(.revsh_text), (4 bytes).
    Removing usart.o(i.UART1_send_byte), (32 bytes).
    Removing usart.o(i.UART3_send_byte), (32 bytes).
    Removing timer.o(.rev16_text), (4 bytes).
    Removing timer.o(.revsh_text), (4 bytes).
    Removing led.o(.rev16_text), (4 bytes).
    Removing led.o(.revsh_text), (4 bytes).
    Removing delay.o(.rev16_text), (4 bytes).
    Removing delay.o(.revsh_text), (4 bytes).
    Removing dht11.o(.rev16_text), (4 bytes).
    Removing dht11.o(.revsh_text), (4 bytes).
    Removing 24cxx.o(.rev16_text), (4 bytes).
    Removing 24cxx.o(.revsh_text), (4 bytes).
    Removing 24cxx.o(i.AT24CXX_Check), (46 bytes).
    Removing 24cxx.o(i.AT24CXX_Init), (8 bytes).
    Removing 24cxx.o(i.AT24CXX_Read), (34 bytes).
    Removing 24cxx.o(i.AT24CXX_ReadLenByte), (44 bytes).
    Removing 24cxx.o(i.AT24CXX_ReadOneByte), (88 bytes).
    Removing 24cxx.o(i.AT24CXX_Write), (36 bytes).
    Removing 24cxx.o(i.AT24CXX_WriteLenByte), (42 bytes).
    Removing 24cxx.o(i.AT24CXX_WriteOneByte), (80 bytes).
    Removing myiic.o(.rev16_text), (4 bytes).
    Removing myiic.o(.revsh_text), (4 bytes).
    Removing myiic.o(i.IIC_Ack), (64 bytes).
    Removing myiic.o(i.IIC_Init), (36 bytes).
    Removing myiic.o(i.IIC_NAck), (64 bytes).
    Removing myiic.o(i.IIC_Read_Byte), (96 bytes).
    Removing myiic.o(i.IIC_Send_Byte), (104 bytes).
    Removing myiic.o(i.IIC_Start), (64 bytes).
    Removing myiic.o(i.IIC_Stop), (64 bytes).
    Removing myiic.o(i.IIC_Wait_Ack), (92 bytes).
    Removing myiic.o(i.SDA_IN), (36 bytes).
    Removing myiic.o(i.SDA_OUT), (36 bytes).
    Removing exti.o(.rev16_text), (4 bytes).
    Removing exti.o(.revsh_text), (4 bytes).
    Removing exti.o(i.EXTI3_Config), (120 bytes).
    Removing rtc.o(.rev16_text), (4 bytes).
    Removing rtc.o(.revsh_text), (4 bytes).
    Removing rtc.o(i.printftime), (104 bytes).
    Removing rtc.o(.data), (4 bytes).
    Removing adc.o(.rev16_text), (4 bytes).
    Removing adc.o(.revsh_text), (4 bytes).
    Removing dfixul.o(.text), (48 bytes).
    Removing cdrcmple.o(.text), (48 bytes).

606 unused section(s) (total 22412 bytes) removed from the image.

==============================================================================

Image Symbol Table

    Local Symbols

    Symbol Name                              Value     Ov Type        Size  Object(Section)

    ../clib/microlib/division.c              0x00000000   Number         0  uldiv.o ABSOLUTE
    ../clib/microlib/division.c              0x00000000   Number         0  uidiv.o ABSOLUTE
    ../clib/microlib/init/entry.s            0x00000000   Number         0  entry2.o ABSOLUTE
    ../clib/microlib/init/entry.s            0x00000000   Number         0  entry8b.o ABSOLUTE
    ../clib/microlib/init/entry.s            0x00000000   Number         0  entry11b.o ABSOLUTE
    ../clib/microlib/init/entry.s            0x00000000   Number         0  entry11a.o ABSOLUTE
    ../clib/microlib/init/entry.s            0x00000000   Number         0  entry10b.o ABSOLUTE
    ../clib/microlib/init/entry.s            0x00000000   Number         0  entry10a.o ABSOLUTE
    ../clib/microlib/init/entry.s            0x00000000   Number         0  entry9b.o ABSOLUTE
    ../clib/microlib/init/entry.s            0x00000000   Number         0  entry7b.o ABSOLUTE
    ../clib/microlib/init/entry.s            0x00000000   Number         0  entry8a.o ABSOLUTE
    ../clib/microlib/init/entry.s            0x00000000   Number         0  entry9a.o ABSOLUTE
    ../clib/microlib/init/entry.s            0x00000000   Number         0  entry7a.o ABSOLUTE
    ../clib/microlib/init/entry.s            0x00000000   Number         0  entry5.o ABSOLUTE
    ../clib/microlib/init/entry.s            0x00000000   Number         0  entry.o ABSOLUTE
    ../clib/microlib/longlong.c              0x00000000   Number         0  llsshr.o ABSOLUTE
    ../clib/microlib/longlong.c              0x00000000   Number         0  llushr.o ABSOLUTE
    ../clib/microlib/longlong.c              0x00000000   Number         0  llshl.o ABSOLUTE
    ../clib/microlib/printf/printf.c         0x00000000   Number         0  printf7.o ABSOLUTE
    ../clib/microlib/printf/printf.c         0x00000000   Number         0  printf8.o ABSOLUTE
    ../clib/microlib/printf/printf.c         0x00000000   Number         0  printf0.o ABSOLUTE
    ../clib/microlib/printf/printf.c         0x00000000   Number         0  printf1.o ABSOLUTE
    ../clib/microlib/printf/printf.c         0x00000000   Number         0  printfa.o ABSOLUTE
    ../clib/microlib/printf/printf.c         0x00000000   Number         0  printfb.o ABSOLUTE
    ../clib/microlib/printf/printf.c         0x00000000   Number         0  printf5.o ABSOLUTE
    ../clib/microlib/printf/printf.c         0x00000000   Number         0  printf6.o ABSOLUTE
    ../clib/microlib/printf/printf.c         0x00000000   Number         0  printf2.o ABSOLUTE
    ../clib/microlib/printf/printf.c         0x00000000   Number         0  printf4.o ABSOLUTE
    ../clib/microlib/printf/printf.c         0x00000000   Number         0  printf3.o ABSOLUTE
    ../clib/microlib/printf/stubs.s          0x00000000   Number         0  stubs.o ABSOLUTE
    ../clib/microlib/stdio/streams.c         0x00000000   Number         0  stdout.o ABSOLUTE
    ../clib/microlib/string/strstr.c         0x00000000   Number         0  strstr.o ABSOLUTE
    ../clib/microlib/stubs.s                 0x00000000   Number         0  iusefp.o ABSOLUTE
    ../fplib/microlib/d2f.c                  0x00000000   Number         0  d2f.o ABSOLUTE
    ../fplib/microlib/f2d.c                  0x00000000   Number         0  f2d.o ABSOLUTE
    ../fplib/microlib/fpadd.c                0x00000000   Number         0  dadd.o ABSOLUTE
    ../fplib/microlib/fpadd.c                0x00000000   Number         0  fadd.o ABSOLUTE
    ../fplib/microlib/fpdiv.c                0x00000000   Number         0  ddiv.o ABSOLUTE
    ../fplib/microlib/fpepilogue.c           0x00000000   Number         0  fepilogue.o ABSOLUTE
    ../fplib/microlib/fpepilogue.c           0x00000000   Number         0  depilogue.o ABSOLUTE
    ../fplib/microlib/fpfix.c                0x00000000   Number         0  ffixui.o ABSOLUTE
    ../fplib/microlib/fpfix.c                0x00000000   Number         0  ffixi.o ABSOLUTE
    ../fplib/microlib/fpfix.c                0x00000000   Number         0  dfixul.o ABSOLUTE
    ../fplib/microlib/fpflt.c                0x00000000   Number         0  dfltui.o ABSOLUTE
    ../fplib/microlib/fpflt.c                0x00000000   Number         0  ffltui.o ABSOLUTE
    ../fplib/microlib/fpmul.c                0x00000000   Number         0  dmul.o ABSOLUTE
    ..\..\..\Libraries\CMSIS\Device\ST\STM32L1xx\Source\Templates\arm\startup_stm32l1xx_md.s 0x00000000   Number         0  startup_stm32l1xx_md.o ABSOLUTE
    ..\..\..\Libraries\STM32L1xx_StdPeriph_Driver\src\misc.c 0x00000000   Number         0  misc.o ABSOLUTE
    ..\..\..\Libraries\STM32L1xx_StdPeriph_Driver\src\stm32l1xx_adc.c 0x00000000   Number         0  stm32l1xx_adc.o ABSOLUTE
    ..\..\..\Libraries\STM32L1xx_StdPeriph_Driver\src\stm32l1xx_aes.c 0x00000000   Number         0  stm32l1xx_aes.o ABSOLUTE
    ..\..\..\Libraries\STM32L1xx_StdPeriph_Driver\src\stm32l1xx_aes_util.c 0x00000000   Number         0  stm32l1xx_aes_util.o ABSOLUTE
    ..\..\..\Libraries\STM32L1xx_StdPeriph_Driver\src\stm32l1xx_comp.c 0x00000000   Number         0  stm32l1xx_comp.o ABSOLUTE
    ..\..\..\Libraries\STM32L1xx_StdPeriph_Driver\src\stm32l1xx_crc.c 0x00000000   Number         0  stm32l1xx_crc.o ABSOLUTE
    ..\..\..\Libraries\STM32L1xx_StdPeriph_Driver\src\stm32l1xx_dac.c 0x00000000   Number         0  stm32l1xx_dac.o ABSOLUTE
    ..\..\..\Libraries\STM32L1xx_StdPeriph_Driver\src\stm32l1xx_dbgmcu.c 0x00000000   Number         0  stm32l1xx_dbgmcu.o ABSOLUTE
    ..\..\..\Libraries\STM32L1xx_StdPeriph_Driver\src\stm32l1xx_dma.c 0x00000000   Number         0  stm32l1xx_dma.o ABSOLUTE
    ..\..\..\Libraries\STM32L1xx_StdPeriph_Driver\src\stm32l1xx_exti.c 0x00000000   Number         0  stm32l1xx_exti.o ABSOLUTE
    ..\..\..\Libraries\STM32L1xx_StdPeriph_Driver\src\stm32l1xx_flash.c 0x00000000   Number         0  stm32l1xx_flash.o ABSOLUTE
    ..\..\..\Libraries\STM32L1xx_StdPeriph_Driver\src\stm32l1xx_flash_ramfunc.c 0x00000000   Number         0  stm32l1xx_flash_ramfunc.o ABSOLUTE
    ..\..\..\Libraries\STM32L1xx_StdPeriph_Driver\src\stm32l1xx_fsmc.c 0x00000000   Number         0  stm32l1xx_fsmc.o ABSOLUTE
    ..\..\..\Libraries\STM32L1xx_StdPeriph_Driver\src\stm32l1xx_gpio.c 0x00000000   Number         0  stm32l1xx_gpio.o ABSOLUTE
    ..\..\..\Libraries\STM32L1xx_StdPeriph_Driver\src\stm32l1xx_i2c.c 0x00000000   Number         0  stm32l1xx_i2c.o ABSOLUTE
    ..\..\..\Libraries\STM32L1xx_StdPeriph_Driver\src\stm32l1xx_iwdg.c 0x00000000   Number         0  stm32l1xx_iwdg.o ABSOLUTE
    ..\..\..\Libraries\STM32L1xx_StdPeriph_Driver\src\stm32l1xx_lcd.c 0x00000000   Number         0  stm32l1xx_lcd.o ABSOLUTE
    ..\..\..\Libraries\STM32L1xx_StdPeriph_Driver\src\stm32l1xx_opamp.c 0x00000000   Number         0  stm32l1xx_opamp.o ABSOLUTE
    ..\..\..\Libraries\STM32L1xx_StdPeriph_Driver\src\stm32l1xx_pwr.c 0x00000000   Number         0  stm32l1xx_pwr.o ABSOLUTE
    ..\..\..\Libraries\STM32L1xx_StdPeriph_Driver\src\stm32l1xx_rcc.c 0x00000000   Number         0  stm32l1xx_rcc.o ABSOLUTE
    ..\..\..\Libraries\STM32L1xx_StdPeriph_Driver\src\stm32l1xx_rtc.c 0x00000000   Number         0  stm32l1xx_rtc.o ABSOLUTE
    ..\..\..\Libraries\STM32L1xx_StdPeriph_Driver\src\stm32l1xx_sdio.c 0x00000000   Number         0  stm32l1xx_sdio.o ABSOLUTE
    ..\..\..\Libraries\STM32L1xx_StdPeriph_Driver\src\stm32l1xx_spi.c 0x00000000   Number         0  stm32l1xx_spi.o ABSOLUTE
    ..\..\..\Libraries\STM32L1xx_StdPeriph_Driver\src\stm32l1xx_syscfg.c 0x00000000   Number         0  stm32l1xx_syscfg.o ABSOLUTE
    ..\..\..\Libraries\STM32L1xx_StdPeriph_Driver\src\stm32l1xx_tim.c 0x00000000   Number         0  stm32l1xx_tim.o ABSOLUTE
    ..\..\..\Libraries\STM32L1xx_StdPeriph_Driver\src\stm32l1xx_usart.c 0x00000000   Number         0  stm32l1xx_usart.o ABSOLUTE
    ..\..\..\Libraries\STM32L1xx_StdPeriph_Driver\src\stm32l1xx_wwdg.c 0x00000000   Number         0  stm32l1xx_wwdg.o ABSOLUTE
    ..\..\HARDWARE\24CXX\24cxx.c             0x00000000   Number         0  24cxx.o ABSOLUTE
    ..\..\HARDWARE\24CXX\myiic.c             0x00000000   Number         0  myiic.o ABSOLUTE
    ..\..\HARDWARE\ADC\ADC.c                 0x00000000   Number         0  adc.o ABSOLUTE
    ..\..\HARDWARE\BC28\BC28.c               0x00000000   Number         0  bc28.o ABSOLUTE
    ..\..\HARDWARE\DHT11\dht11.c             0x00000000   Number         0  dht11.o ABSOLUTE
    ..\..\HARDWARE\EXTI\EXTI.c               0x00000000   Number         0  exti.o ABSOLUTE
    ..\..\HARDWARE\LED\LED.c                 0x00000000   Number         0  led.o ABSOLUTE
    ..\..\HARDWARE\RTC\rtc.c                 0x00000000   Number         0  rtc.o ABSOLUTE
    ..\..\HARDWARE\TIMER\timer.c             0x00000000   Number         0  timer.o ABSOLUTE
    ..\..\HARDWARE\delay\delay.c             0x00000000   Number         0  delay.o ABSOLUTE
    ..\..\HARDWARE\usart\usart.c             0x00000000   Number         0  usart.o ABSOLUTE
    ..\\..\\..\\Libraries\\STM32L1xx_StdPeriph_Driver\\src\\misc.c 0x00000000   Number         0  misc.o ABSOLUTE
    ..\\..\\..\\Libraries\\STM32L1xx_StdPeriph_Driver\\src\\stm32l1xx_adc.c 0x00000000   Number         0  stm32l1xx_adc.o ABSOLUTE
    ..\\..\\..\\Libraries\\STM32L1xx_StdPeriph_Driver\\src\\stm32l1xx_aes.c 0x00000000   Number         0  stm32l1xx_aes.o ABSOLUTE
    ..\\..\\..\\Libraries\\STM32L1xx_StdPeriph_Driver\\src\\stm32l1xx_aes_util.c 0x00000000   Number         0  stm32l1xx_aes_util.o ABSOLUTE
    ..\\..\\..\\Libraries\\STM32L1xx_StdPeriph_Driver\\src\\stm32l1xx_comp.c 0x00000000   Number         0  stm32l1xx_comp.o ABSOLUTE
    ..\\..\\..\\Libraries\\STM32L1xx_StdPeriph_Driver\\src\\stm32l1xx_crc.c 0x00000000   Number         0  stm32l1xx_crc.o ABSOLUTE
    ..\\..\\..\\Libraries\\STM32L1xx_StdPeriph_Driver\\src\\stm32l1xx_dac.c 0x00000000   Number         0  stm32l1xx_dac.o ABSOLUTE
    ..\\..\\..\\Libraries\\STM32L1xx_StdPeriph_Driver\\src\\stm32l1xx_dbgmcu.c 0x00000000   Number         0  stm32l1xx_dbgmcu.o ABSOLUTE
    ..\\..\\..\\Libraries\\STM32L1xx_StdPeriph_Driver\\src\\stm32l1xx_dma.c 0x00000000   Number         0  stm32l1xx_dma.o ABSOLUTE
    ..\\..\\..\\Libraries\\STM32L1xx_StdPeriph_Driver\\src\\stm32l1xx_exti.c 0x00000000   Number         0  stm32l1xx_exti.o ABSOLUTE
    ..\\..\\..\\Libraries\\STM32L1xx_StdPeriph_Driver\\src\\stm32l1xx_flash.c 0x00000000   Number         0  stm32l1xx_flash.o ABSOLUTE
    ..\\..\\..\\Libraries\\STM32L1xx_StdPeriph_Driver\\src\\stm32l1xx_flash_ramfunc.c 0x00000000   Number         0  stm32l1xx_flash_ramfunc.o ABSOLUTE
    ..\\..\\..\\Libraries\\STM32L1xx_StdPeriph_Driver\\src\\stm32l1xx_fsmc.c 0x00000000   Number         0  stm32l1xx_fsmc.o ABSOLUTE
    ..\\..\\..\\Libraries\\STM32L1xx_StdPeriph_Driver\\src\\stm32l1xx_gpio.c 0x00000000   Number         0  stm32l1xx_gpio.o ABSOLUTE
    ..\\..\\..\\Libraries\\STM32L1xx_StdPeriph_Driver\\src\\stm32l1xx_i2c.c 0x00000000   Number         0  stm32l1xx_i2c.o ABSOLUTE
    ..\\..\\..\\Libraries\\STM32L1xx_StdPeriph_Driver\\src\\stm32l1xx_iwdg.c 0x00000000   Number         0  stm32l1xx_iwdg.o ABSOLUTE
    ..\\..\\..\\Libraries\\STM32L1xx_StdPeriph_Driver\\src\\stm32l1xx_lcd.c 0x00000000   Number         0  stm32l1xx_lcd.o ABSOLUTE
    ..\\..\\..\\Libraries\\STM32L1xx_StdPeriph_Driver\\src\\stm32l1xx_opamp.c 0x00000000   Number         0  stm32l1xx_opamp.o ABSOLUTE
    ..\\..\\..\\Libraries\\STM32L1xx_StdPeriph_Driver\\src\\stm32l1xx_pwr.c 0x00000000   Number         0  stm32l1xx_pwr.o ABSOLUTE
    ..\\..\\..\\Libraries\\STM32L1xx_StdPeriph_Driver\\src\\stm32l1xx_rcc.c 0x00000000   Number         0  stm32l1xx_rcc.o ABSOLUTE
    ..\\..\\..\\Libraries\\STM32L1xx_StdPeriph_Driver\\src\\stm32l1xx_rtc.c 0x00000000   Number         0  stm32l1xx_rtc.o ABSOLUTE
    ..\\..\\..\\Libraries\\STM32L1xx_StdPeriph_Driver\\src\\stm32l1xx_sdio.c 0x00000000   Number         0  stm32l1xx_sdio.o ABSOLUTE
    ..\\..\\..\\Libraries\\STM32L1xx_StdPeriph_Driver\\src\\stm32l1xx_spi.c 0x00000000   Number         0  stm32l1xx_spi.o ABSOLUTE
    ..\\..\\..\\Libraries\\STM32L1xx_StdPeriph_Driver\\src\\stm32l1xx_syscfg.c 0x00000000   Number         0  stm32l1xx_syscfg.o ABSOLUTE
    ..\\..\\..\\Libraries\\STM32L1xx_StdPeriph_Driver\\src\\stm32l1xx_tim.c 0x00000000   Number         0  stm32l1xx_tim.o ABSOLUTE
    ..\\..\\..\\Libraries\\STM32L1xx_StdPeriph_Driver\\src\\stm32l1xx_usart.c 0x00000000   Number         0  stm32l1xx_usart.o ABSOLUTE
    ..\\..\\..\\Libraries\\STM32L1xx_StdPeriph_Driver\\src\\stm32l1xx_wwdg.c 0x00000000   Number         0  stm32l1xx_wwdg.o ABSOLUTE
    ..\\..\\HARDWARE\\24CXX\\24cxx.c         0x00000000   Number         0  24cxx.o ABSOLUTE
    ..\\..\\HARDWARE\\24CXX\\myiic.c         0x00000000   Number         0  myiic.o ABSOLUTE
    ..\\..\\HARDWARE\\ADC\\ADC.c             0x00000000   Number         0  adc.o ABSOLUTE
    ..\\..\\HARDWARE\\BC28\\BC28.c           0x00000000   Number         0  bc28.o ABSOLUTE
    ..\\..\\HARDWARE\\DHT11\\dht11.c         0x00000000   Number         0  dht11.o ABSOLUTE
    ..\\..\\HARDWARE\\EXTI\\EXTI.c           0x00000000   Number         0  exti.o ABSOLUTE
    ..\\..\\HARDWARE\\LED\\LED.c             0x00000000   Number         0  led.o ABSOLUTE
    ..\\..\\HARDWARE\\RTC\\rtc.c             0x00000000   Number         0  rtc.o ABSOLUTE
    ..\\..\\HARDWARE\\TIMER\\timer.c         0x00000000   Number         0  timer.o ABSOLUTE
    ..\\..\\HARDWARE\\delay\\delay.c         0x00000000   Number         0  delay.o ABSOLUTE
    ..\\..\\HARDWARE\\usart\\usart.c         0x00000000   Number         0  usart.o ABSOLUTE
    ..\\main.c                               0x00000000   Number         0  main.o ABSOLUTE
    ..\\stm32l1xx_it.c                       0x00000000   Number         0  stm32l1xx_it.o ABSOLUTE
    ..\\system_stm32l1xx.c                   0x00000000   Number         0  system_stm32l1xx.o ABSOLUTE
    ..\main.c                                0x00000000   Number         0  main.o ABSOLUTE
    ..\stm32l1xx_it.c                        0x00000000   Number         0  stm32l1xx_it.o ABSOLUTE
    ..\system_stm32l1xx.c                    0x00000000   Number         0  system_stm32l1xx.o ABSOLUTE
    cdrcmple.s                               0x00000000   Number         0  cdrcmple.o ABSOLUTE
    dc.s                                     0x00000000   Number         0  dc.o ABSOLUTE
    handlers.s                               0x00000000   Number         0  handlers.o ABSOLUTE
    init.s                                   0x00000000   Number         0  init.o ABSOLUTE
    RESET                                    0x08000000   Section      244  startup_stm32l1xx_md.o(RESET)
    .ARM.Collect$$$$00000000                 0x080000f4   Section        0  entry.o(.ARM.Collect$$$$00000000)
    .ARM.Collect$$$$00000001                 0x080000f4   Section        4  entry2.o(.ARM.Collect$$$$00000001)
    .ARM.Collect$$$$00000004                 0x080000f8   Section        4  entry5.o(.ARM.Collect$$$$00000004)
    .ARM.Collect$$$$00000008                 0x080000fc   Section        0  entry7b.o(.ARM.Collect$$$$00000008)
    .ARM.Collect$$$$0000000A                 0x080000fc   Section        0  entry8b.o(.ARM.Collect$$$$0000000A)
    .ARM.Collect$$$$0000000B                 0x080000fc   Section        8  entry9a.o(.ARM.Collect$$$$0000000B)
    .ARM.Collect$$$$0000000D                 0x08000104   Section        0  entry10a.o(.ARM.Collect$$$$0000000D)
    .ARM.Collect$$$$0000000F                 0x08000104   Section        0  entry11a.o(.ARM.Collect$$$$0000000F)
    .ARM.Collect$$$$00002712                 0x08000104   Section        4  entry2.o(.ARM.Collect$$$$00002712)
    __lit__00000000                          0x08000104   Data           4  entry2.o(.ARM.Collect$$$$00002712)
    .text                                    0x08000108   Section       36  startup_stm32l1xx_md.o(.text)
    .text                                    0x0800012c   Section        0  strstr.o(.text)
    .text                                    0x08000150   Section        0  fadd.o(.text)
    .text                                    0x08000200   Section        0  dadd.o(.text)
    .text                                    0x0800034e   Section        0  dmul.o(.text)
    .text                                    0x08000432   Section        0  ddiv.o(.text)
    .text                                    0x08000510   Section        0  ffltui.o(.text)
    .text                                    0x0800051a   Section        0  dfltui.o(.text)
    .text                                    0x08000534   Section        0  ffixi.o(.text)
    .text                                    0x08000566   Section        0  ffixui.o(.text)
    .text                                    0x0800058e   Section        0  f2d.o(.text)
    .text                                    0x080005b4   Section        0  d2f.o(.text)
    .text                                    0x080005ec   Section        0  uidiv.o(.text)
    .text                                    0x08000618   Section        0  llshl.o(.text)
    .text                                    0x08000636   Section        0  llsshr.o(.text)
    .text                                    0x0800065a   Section        0  fepilogue.o(.text)
    .text                                    0x0800065a   Section        0  iusefp.o(.text)
    .text                                    0x080006c8   Section        0  depilogue.o(.text)
    .text                                    0x08000784   Section       36  init.o(.text)
    .text                                    0x080007a8   Section        0  llushr.o(.text)
    i.ADC_Cmd                                0x080007c8   Section        0  stm32l1xx_adc.o(i.ADC_Cmd)
    i.ADC_Config                             0x080007e0   Section        0  adc.o(i.ADC_Config)
    i.ADC_DMACmd                             0x08000928   Section        0  stm32l1xx_adc.o(i.ADC_DMACmd)
    i.ADC_DMARequestAfterLastTransferCmd     0x0800093e   Section        0  stm32l1xx_adc.o(i.ADC_DMARequestAfterLastTransferCmd)
    i.ADC_DeInit                             0x08000954   Section        0  stm32l1xx_adc.o(i.ADC_DeInit)
    i.ADC_GetFlagStatus                      0x08000974   Section        0  stm32l1xx_adc.o(i.ADC_GetFlagStatus)
    i.ADC_Init                               0x08000988   Section        0  stm32l1xx_adc.o(i.ADC_Init)
    i.ADC_RegularChannelConfig               0x080009dc   Section        0  stm32l1xx_adc.o(i.ADC_RegularChannelConfig)
    i.ADC_SoftwareStartConv                  0x08000b34   Section        0  stm32l1xx_adc.o(i.ADC_SoftwareStartConv)
    i.BC28_ConUDP                            0x08000b40   Section        0  bc28.o(i.BC28_ConUDP)
    i.BC28_Init                              0x08000cc8   Section        0  bc28.o(i.BC28_Init)
    i.BC28_PDPACT                            0x08001104   Section        0  bc28.o(i.BC28_PDPACT)
    i.BC28_Senddata                          0x08001258   Section        0  bc28.o(i.BC28_Senddata)
    i.BusFault_Handler                       0x080012d4   Section        0  stm32l1xx_it.o(i.BusFault_Handler)
    i.Clear_Buffer                           0x080012d8   Section        0  bc28.o(i.Clear_Buffer)
    i.DHT11_Check                            0x080012f0   Section        0  dht11.o(i.DHT11_Check)
    i.DHT11_IO_IN                            0x08001348   Section        0  dht11.o(i.DHT11_IO_IN)
    i.DHT11_IO_OUT                           0x08001368   Section        0  dht11.o(i.DHT11_IO_OUT)
    i.DHT11_Init                             0x08001388   Section        0  dht11.o(i.DHT11_Init)
    i.DHT11_Read_Bit                         0x0800139c   Section        0  dht11.o(i.DHT11_Read_Bit)
    i.DHT11_Read_Byte                        0x080013f4   Section        0  dht11.o(i.DHT11_Read_Byte)
    i.DHT11_Read_Data                        0x08001412   Section        0  dht11.o(i.DHT11_Read_Data)
    i.DHT11_Rst                              0x0800146c   Section        0  dht11.o(i.DHT11_Rst)
    i.DMA_ClearFlag                          0x08001494   Section        0  stm32l1xx_dma.o(i.DMA_ClearFlag)
    i.DMA_Cmd                                0x080014b0   Section        0  stm32l1xx_dma.o(i.DMA_Cmd)
    i.DMA_DeInit                             0x080014c8   Section        0  stm32l1xx_dma.o(i.DMA_DeInit)
    i.DMA_GetFlagStatus                      0x08001614   Section        0  stm32l1xx_dma.o(i.DMA_GetFlagStatus)
    i.DMA_Init                               0x08001640   Section        0  stm32l1xx_dma.o(i.DMA_Init)
    i.DebugMon_Handler                       0x0800167c   Section        0  stm32l1xx_it.o(i.DebugMon_Handler)
    i.Delay                                  0x08001680   Section        0  delay.o(i.Delay)
    i.EXTI15_10_IRQHandler                   0x080016c0   Section        0  exti.o(i.EXTI15_10_IRQHandler)
    i.EXTI_ClearITPendingBit                 0x080016e0   Section        0  stm32l1xx_exti.o(i.EXTI_ClearITPendingBit)
    i.EXTI_GetITStatus                       0x080016ec   Section        0  stm32l1xx_exti.o(i.EXTI_GetITStatus)
    i.GPIO_Init                              0x08001704   Section        0  stm32l1xx_gpio.o(i.GPIO_Init)
    i.GPIO_PinAFConfig                       0x08001788   Section        0  stm32l1xx_gpio.o(i.GPIO_PinAFConfig)
    i.GPIO_ReadInputDataBit                  0x080017ce   Section        0  stm32l1xx_gpio.o(i.GPIO_ReadInputDataBit)
    i.GPIO_ResetBits                         0x080017e0   Section        0  stm32l1xx_gpio.o(i.GPIO_ResetBits)
    i.GPIO_SetBits                           0x080017e4   Section        0  stm32l1xx_gpio.o(i.GPIO_SetBits)
    i.GPIO_ToggleBits                        0x080017e8   Section        0  stm32l1xx_gpio.o(i.GPIO_ToggleBits)
    i.GetHumidata                            0x080017f0   Section        0  main.o(i.GetHumidata)
    i.GetTempdata                            0x08001880   Section        0  main.o(i.GetTempdata)
    i.GetTime                                0x08001914   Section        0  main.o(i.GetTime)
    i.Get_Adc                                0x08001a64   Section        0  adc.o(i.Get_Adc)
    i.Get_GP2Y                               0x08001a84   Section        0  adc.o(i.Get_GP2Y)
    i.Get_Val                                0x08001b3c   Section        0  adc.o(i.Get_Val)
    i.Getipdata                              0x08001b5c   Section        0  main.o(i.Getipdata)
    i.HardFault_Handler                      0x08001ce0   Section        0  stm32l1xx_it.o(i.HardFault_Handler)
    i.LED_Init                               0x08001ce4   Section        0  led.o(i.LED_Init)
    i.Lsens_Get_Val                          0x08001d08   Section        0  adc.o(i.Lsens_Get_Val)
    i.MemManage_Handler                      0x08001d5c   Section        0  stm32l1xx_it.o(i.MemManage_Handler)
    i.NMI_Handler                            0x08001d60   Section        0  stm32l1xx_it.o(i.NMI_Handler)
    i.NVIC_Init                              0x08001d64   Section        0  misc.o(i.NVIC_Init)
    i.PWR_RTCAccessCmd                       0x08001ddc   Section        0  stm32l1xx_pwr.o(i.PWR_RTCAccessCmd)
    i.PendSV_Handler                         0x08001de8   Section        0  stm32l1xx_it.o(i.PendSV_Handler)
    i.RCC_AHBPeriphClockCmd                  0x08001dec   Section        0  stm32l1xx_rcc.o(i.RCC_AHBPeriphClockCmd)
    i.RCC_APB1PeriphClockCmd                 0x08001e0c   Section        0  stm32l1xx_rcc.o(i.RCC_APB1PeriphClockCmd)
    i.RCC_APB2PeriphClockCmd                 0x08001e2c   Section        0  stm32l1xx_rcc.o(i.RCC_APB2PeriphClockCmd)
    i.RCC_APB2PeriphResetCmd                 0x08001e4c   Section        0  stm32l1xx_rcc.o(i.RCC_APB2PeriphResetCmd)
    i.RCC_GetClocksFreq                      0x08001e6c   Section        0  stm32l1xx_rcc.o(i.RCC_GetClocksFreq)
    i.RCC_GetFlagStatus                      0x08001f6c   Section        0  stm32l1xx_rcc.o(i.RCC_GetFlagStatus)
    i.RCC_HSICmd                             0x08001fa0   Section        0  stm32l1xx_rcc.o(i.RCC_HSICmd)
    i.RCC_LSEConfig                          0x08001fac   Section        0  stm32l1xx_rcc.o(i.RCC_LSEConfig)
    i.RCC_RTCCLKCmd                          0x08001fbc   Section        0  stm32l1xx_rcc.o(i.RCC_RTCCLKCmd)
    i.RCC_RTCCLKConfig                       0x08001fc8   Section        0  stm32l1xx_rcc.o(i.RCC_RTCCLKConfig)
    i.RCC_RTCResetCmd                        0x0800200c   Section        0  stm32l1xx_rcc.o(i.RCC_RTCResetCmd)
    i.RTC_Alarm_IRQHandler                   0x08002018   Section        0  rtc.o(i.RTC_Alarm_IRQHandler)
    i.RTC_Bcd2ToByte                         0x08002048   Section        0  stm32l1xx_rtc.o(i.RTC_Bcd2ToByte)
    RTC_Bcd2ToByte                           0x08002049   Thumb Code    22  stm32l1xx_rtc.o(i.RTC_Bcd2ToByte)
    i.RTC_ByteToBcd2                         0x0800205e   Section        0  stm32l1xx_rtc.o(i.RTC_ByteToBcd2)
    RTC_ByteToBcd2                           0x0800205f   Thumb Code    28  stm32l1xx_rtc.o(i.RTC_ByteToBcd2)
    i.RTC_ClearFlag                          0x0800207c   Section        0  stm32l1xx_rtc.o(i.RTC_ClearFlag)
    i.RTC_Config                             0x0800209c   Section        0  rtc.o(i.RTC_Config)
    i.RTC_EnterInitMode                      0x08002148   Section        0  stm32l1xx_rtc.o(i.RTC_EnterInitMode)
    i.RTC_ExitInitMode                       0x08002198   Section        0  stm32l1xx_rtc.o(i.RTC_ExitInitMode)
    i.RTC_GetDate                            0x080021ac   Section        0  stm32l1xx_rtc.o(i.RTC_GetDate)
    i.RTC_GetFlagStatus                      0x080021f8   Section        0  stm32l1xx_rtc.o(i.RTC_GetFlagStatus)
    i.RTC_GetTime                            0x08002220   Section        0  stm32l1xx_rtc.o(i.RTC_GetTime)
    i.RTC_Init                               0x08002270   Section        0  stm32l1xx_rtc.o(i.RTC_Init)
    i.RTC_ReadBackupRegister                 0x080022d4   Section        0  stm32l1xx_rtc.o(i.RTC_ReadBackupRegister)
    i.RTC_SetDate                            0x080022f4   Section        0  stm32l1xx_rtc.o(i.RTC_SetDate)
    i.RTC_SetTime                            0x080023bc   Section        0  stm32l1xx_rtc.o(i.RTC_SetTime)
    i.RTC_Set_Date                           0x0800248c   Section        0  rtc.o(i.RTC_Set_Date)
    i.RTC_Set_Time                           0x080024b0   Section        0  rtc.o(i.RTC_Set_Time)
    i.RTC_WaitForSynchro                     0x080024d4   Section        0  stm32l1xx_rtc.o(i.RTC_WaitForSynchro)
    i.RTC_WriteBackupRegister                0x08002534   Section        0  stm32l1xx_rtc.o(i.RTC_WriteBackupRegister)
    i.SVC_Handler                            0x08002550   Section        0  stm32l1xx_it.o(i.SVC_Handler)
    i.SendLsens                              0x08002554   Section        0  main.o(i.SendLsens)
    i.SetSysClock                            0x080025f0   Section        0  system_stm32l1xx.o(i.SetSysClock)
    SetSysClock                              0x080025f1   Thumb Code   258  system_stm32l1xx.o(i.SetSysClock)
    i.SysTick_CLKSourceConfig                0x08002700   Section        0  misc.o(i.SysTick_CLKSourceConfig)
    i.SysTick_Handler                        0x08002728   Section        0  stm32l1xx_it.o(i.SysTick_Handler)
    i.SystemInit                             0x0800272c   Section        0  system_stm32l1xx.o(i.SystemInit)
    i.TIM3_IRQHandler                        0x08002794   Section        0  timer.o(i.TIM3_IRQHandler)
    i.TIM3_Int_Init                          0x080027dc   Section        0  timer.o(i.TIM3_Int_Init)
    i.TIM4_IRQHandler                        0x0800283c   Section        0  timer.o(i.TIM4_IRQHandler)
    i.TIM4_Int_Init                          0x08002888   Section        0  timer.o(i.TIM4_Int_Init)
    i.TIM_ClearITPendingBit                  0x080028e8   Section        0  stm32l1xx_tim.o(i.TIM_ClearITPendingBit)
    i.TIM_Cmd                                0x080028ee   Section        0  stm32l1xx_tim.o(i.TIM_Cmd)
    i.TIM_GetITStatus                        0x08002906   Section        0  stm32l1xx_tim.o(i.TIM_GetITStatus)
    i.TIM_ITConfig                           0x08002928   Section        0  stm32l1xx_tim.o(i.TIM_ITConfig)
    i.TIM_SetCompare2                        0x0800293a   Section        0  stm32l1xx_tim.o(i.TIM_SetCompare2)
    i.TIM_TimeBaseInit                       0x08002940   Section        0  stm32l1xx_tim.o(i.TIM_TimeBaseInit)
    i.USART1_IRQHandler                      0x080029a0   Section        0  usart.o(i.USART1_IRQHandler)
    i.USART3_IRQHandler                      0x080029d4   Section        0  usart.o(i.USART3_IRQHandler)
    i.USART_Cmd                              0x08002a08   Section        0  stm32l1xx_usart.o(i.USART_Cmd)
    i.USART_GetITStatus                      0x08002a20   Section        0  stm32l1xx_usart.o(i.USART_GetITStatus)
    i.USART_ITConfig                         0x08002a74   Section        0  stm32l1xx_usart.o(i.USART_ITConfig)
    i.USART_Init                             0x08002ac0   Section        0  stm32l1xx_usart.o(i.USART_Init)
    i.USART_ReceiveData                      0x08002b8c   Section        0  stm32l1xx_usart.o(i.USART_ReceiveData)
    i.Uart1_SendStr                          0x08002b98   Section        0  usart.o(i.Uart1_SendStr)
    i.UsageFault_Handler                     0x08002bc0   Section        0  stm32l1xx_it.o(i.UsageFault_Handler)
    i.__0printf$6                            0x08002bc4   Section        0  printf6.o(i.__0printf$6)
    i.__0sprintf$6                           0x08002be4   Section        0  printf6.o(i.__0sprintf$6)
    i.__scatterload_copy                     0x08002c0c   Section       14  handlers.o(i.__scatterload_copy)
    i.__scatterload_null                     0x08002c1a   Section        2  handlers.o(i.__scatterload_null)
    i.__scatterload_zeroinit                 0x08002c1c   Section       14  handlers.o(i.__scatterload_zeroinit)
    i._printf_core                           0x08002c2c   Section        0  printf6.o(i._printf_core)
    _printf_core                             0x08002c2d   Thumb Code   748  printf6.o(i._printf_core)
    i._printf_post_padding                   0x08002f1c   Section        0  printf6.o(i._printf_post_padding)
    _printf_post_padding                     0x08002f1d   Thumb Code    36  printf6.o(i._printf_post_padding)
    i._printf_pre_padding                    0x08002f40   Section        0  printf6.o(i._printf_pre_padding)
    _printf_pre_padding                      0x08002f41   Thumb Code    46  printf6.o(i._printf_pre_padding)
    i._sputc                                 0x08002f6e   Section        0  printf6.o(i._sputc)
    _sputc                                   0x08002f6f   Thumb Code    10  printf6.o(i._sputc)
    i.delay_init                             0x08002f78   Section        0  delay.o(i.delay_init)
    i.delay_ms                               0x08002fbc   Section        0  delay.o(i.delay_ms)
    i.delay_us                               0x08002ffc   Section        0  delay.o(i.delay_us)
    i.dustDensi                              0x0800303c   Section        0  main.o(i.dustDensi)
    i.fputc                                  0x080030e0   Section        0  usart.o(i.fputc)
    i.main                                   0x080030fc   Section        0  main.o(i.main)
    i.uart2_init                             0x08003218   Section        0  usart.o(i.uart2_init)
    i.uart3_init                             0x080032d4   Section        0  usart.o(i.uart3_init)
    i.uart_init                              0x08003394   Section        0  usart.o(i.uart_init)
    .data                                    0x20000000   Section       13  bc28.o(.data)
    nexti                                    0x2000000c   Data           1  bc28.o(.data)
    .data                                    0x2000000d   Section       25  stm32l1xx_rcc.o(.data)
    PLLMulTable                              0x2000000d   Data           9  stm32l1xx_rcc.o(.data)
    APBAHBPrescTable                         0x20000016   Data          16  stm32l1xx_rcc.o(.data)
    .data                                    0x20000028   Section       29  system_stm32l1xx.o(.data)
    .data                                    0x20000045   Section        2  usart.o(.data)
    .data                                    0x20000047   Section        3  timer.o(.data)
    .data                                    0x2000004a   Section        4  delay.o(.data)
    fac_us                                   0x2000004a   Data           1  delay.o(.data)
    fac_ms                                   0x2000004c   Data           2  delay.o(.data)
    .data                                    0x2000004e   Section        1  exti.o(.data)
    .data                                    0x20000050   Section       16  adc.o(.data)
    .data                                    0x20000060   Section        4  stdout.o(.data)
    .bss                                     0x20000064   Section      100  main.o(.bss)
    .bss                                     0x200000c8   Section      130  bc28.o(.bss)
    .bss                                     0x2000014a   Section      200  usart.o(.bss)
    STACK                                    0x20000218   Section     1024  startup_stm32l1xx_md.o(STACK)

    Global Symbols

    Symbol Name                              Value     Ov Type        Size  Object(Section)

    BuildAttributes$$THM_ISAv4$P$D$K$B$S$PE$A:L22UL41UL21$X:L11$S22US41US21$IEEE1$IW$USESV6$~STKCKD$USESV7$~SHL$OTIME$ROPI$EBA8$MICROLIB$REQ8$PRES8$EABIv2 0x00000000   Number         0  anon$$obj.o ABSOLUTE
    __ARM_use_no_argv                        0x00000000   Number         0  main.o ABSOLUTE
    _printf_a                                0x00000000   Number         0  stubs.o ABSOLUTE
    _printf_c                                0x00000000   Number         0  stubs.o ABSOLUTE
    _printf_charcount                        0x00000000   Number         0  stubs.o ABSOLUTE
    _printf_d                                0x00000000   Number         0  stubs.o ABSOLUTE
    _printf_e                                0x00000000   Number         0  stubs.o ABSOLUTE
    _printf_f                                0x00000000   Number         0  stubs.o ABSOLUTE
    _printf_flags                            0x00000000   Number         0  stubs.o ABSOLUTE
    _printf_fp_dec                           0x00000000   Number         0  stubs.o ABSOLUTE
    _printf_fp_hex                           0x00000000   Number         0  stubs.o ABSOLUTE
    _printf_g                                0x00000000   Number         0  stubs.o ABSOLUTE
    _printf_i                                0x00000000   Number         0  stubs.o ABSOLUTE
    _printf_int_dec                          0x00000000   Number         0  stubs.o ABSOLUTE
    _printf_l                                0x00000000   Number         0  stubs.o ABSOLUTE
    _printf_lc                               0x00000000   Number         0  stubs.o ABSOLUTE
    _printf_ll                               0x00000000   Number         0  stubs.o ABSOLUTE
    _printf_lld                              0x00000000   Number         0  stubs.o ABSOLUTE
    _printf_lli                              0x00000000   Number         0  stubs.o ABSOLUTE
    _printf_llo                              0x00000000   Number         0  stubs.o ABSOLUTE
    _printf_llu                              0x00000000   Number         0  stubs.o ABSOLUTE
    _printf_llx                              0x00000000   Number         0  stubs.o ABSOLUTE
    _printf_longlong_dec                     0x00000000   Number         0  stubs.o ABSOLUTE
    _printf_longlong_hex                     0x00000000   Number         0  stubs.o ABSOLUTE
    _printf_longlong_oct                     0x00000000   Number         0  stubs.o ABSOLUTE
    _printf_ls                               0x00000000   Number         0  stubs.o ABSOLUTE
    _printf_mbtowc                           0x00000000   Number         0  stubs.o ABSOLUTE
    _printf_n                                0x00000000   Number         0  stubs.o ABSOLUTE
    _printf_o                                0x00000000   Number         0  stubs.o ABSOLUTE
    _printf_p                                0x00000000   Number         0  stubs.o ABSOLUTE
    _printf_percent                          0x00000000   Number         0  stubs.o ABSOLUTE
    _printf_pre_padding                      0x00000000   Number         0  stubs.o ABSOLUTE
    _printf_return_value                     0x00000000   Number         0  stubs.o ABSOLUTE
    _printf_s                                0x00000000   Number         0  stubs.o ABSOLUTE
    _printf_sizespec                         0x00000000   Number         0  stubs.o ABSOLUTE
    _printf_str                              0x00000000   Number         0  stubs.o ABSOLUTE
    _printf_truncate_signed                  0x00000000   Number         0  stubs.o ABSOLUTE
    _printf_truncate_unsigned                0x00000000   Number         0  stubs.o ABSOLUTE
    _printf_u                                0x00000000   Number         0  stubs.o ABSOLUTE
    _printf_wc                               0x00000000   Number         0  stubs.o ABSOLUTE
    _printf_wctomb                           0x00000000   Number         0  stubs.o ABSOLUTE
    _printf_widthprec                        0x00000000   Number         0  stubs.o ABSOLUTE
    _printf_x                                0x00000000   Number         0  stubs.o ABSOLUTE
    __cpp_initialize__aeabi_                  - Undefined Weak Reference
    __cxa_finalize                            - Undefined Weak Reference
    __decompress                              - Undefined Weak Reference
    _clock_init                               - Undefined Weak Reference
    _microlib_exit                            - Undefined Weak Reference
    __Vectors_Size                           0x000000f4   Number         0  startup_stm32l1xx_md.o ABSOLUTE
    __Vectors                                0x08000000   Data           4  startup_stm32l1xx_md.o(RESET)
    __Vectors_End                            0x080000f4   Data           0  startup_stm32l1xx_md.o(RESET)
    __main                                   0x080000f5   Thumb Code     0  entry.o(.ARM.Collect$$$$00000000)
    _main_stk                                0x080000f5   Thumb Code     0  entry2.o(.ARM.Collect$$$$00000001)
    _main_scatterload                        0x080000f9   Thumb Code     0  entry5.o(.ARM.Collect$$$$00000004)
    __main_after_scatterload                 0x080000fd   Thumb Code     0  entry5.o(.ARM.Collect$$$$00000004)
    _main_clock                              0x080000fd   Thumb Code     0  entry7b.o(.ARM.Collect$$$$00000008)
    _main_cpp_init                           0x080000fd   Thumb Code     0  entry8b.o(.ARM.Collect$$$$0000000A)
    _main_init                               0x080000fd   Thumb Code     0  entry9a.o(.ARM.Collect$$$$0000000B)
    __rt_final_cpp                           0x08000105   Thumb Code     0  entry10a.o(.ARM.Collect$$$$0000000D)
    __rt_final_exit                          0x08000105   Thumb Code     0  entry11a.o(.ARM.Collect$$$$0000000F)
    Reset_Handler                            0x08000109   Thumb Code     8  startup_stm32l1xx_md.o(.text)
    ADC1_IRQHandler                          0x08000123   Thumb Code     0  startup_stm32l1xx_md.o(.text)
    COMP_IRQHandler                          0x08000123   Thumb Code     0  startup_stm32l1xx_md.o(.text)
    DAC_IRQHandler                           0x08000123   Thumb Code     0  startup_stm32l1xx_md.o(.text)
    DMA1_Channel1_IRQHandler                 0x08000123   Thumb Code     0  startup_stm32l1xx_md.o(.text)
    DMA1_Channel2_IRQHandler                 0x08000123   Thumb Code     0  startup_stm32l1xx_md.o(.text)
    DMA1_Channel3_IRQHandler                 0x08000123   Thumb Code     0  startup_stm32l1xx_md.o(.text)
    DMA1_Channel4_IRQHandler                 0x08000123   Thumb Code     0  startup_stm32l1xx_md.o(.text)
    DMA1_Channel5_IRQHandler                 0x08000123   Thumb Code     0  startup_stm32l1xx_md.o(.text)
    DMA1_Channel6_IRQHandler                 0x08000123   Thumb Code     0  startup_stm32l1xx_md.o(.text)
    DMA1_Channel7_IRQHandler                 0x08000123   Thumb Code     0  startup_stm32l1xx_md.o(.text)
    EXTI0_IRQHandler                         0x08000123   Thumb Code     0  startup_stm32l1xx_md.o(.text)
    EXTI1_IRQHandler                         0x08000123   Thumb Code     0  startup_stm32l1xx_md.o(.text)
    EXTI2_IRQHandler                         0x08000123   Thumb Code     0  startup_stm32l1xx_md.o(.text)
    EXTI3_IRQHandler                         0x08000123   Thumb Code     0  startup_stm32l1xx_md.o(.text)
    EXTI4_IRQHandler                         0x08000123   Thumb Code     0  startup_stm32l1xx_md.o(.text)
    EXTI9_5_IRQHandler                       0x08000123   Thumb Code     0  startup_stm32l1xx_md.o(.text)
    FLASH_IRQHandler                         0x08000123   Thumb Code     0  startup_stm32l1xx_md.o(.text)
    I2C1_ER_IRQHandler                       0x08000123   Thumb Code     0  startup_stm32l1xx_md.o(.text)
    I2C1_EV_IRQHandler                       0x08000123   Thumb Code     0  startup_stm32l1xx_md.o(.text)
    I2C2_ER_IRQHandler                       0x08000123   Thumb Code     0  startup_stm32l1xx_md.o(.text)
    I2C2_EV_IRQHandler                       0x08000123   Thumb Code     0  startup_stm32l1xx_md.o(.text)
    LCD_IRQHandler                           0x08000123   Thumb Code     0  startup_stm32l1xx_md.o(.text)
    PVD_IRQHandler                           0x08000123   Thumb Code     0  startup_stm32l1xx_md.o(.text)
    RCC_IRQHandler                           0x08000123   Thumb Code     0  startup_stm32l1xx_md.o(.text)
    RTC_WKUP_IRQHandler                      0x08000123   Thumb Code     0  startup_stm32l1xx_md.o(.text)
    SPI1_IRQHandler                          0x08000123   Thumb Code     0  startup_stm32l1xx_md.o(.text)
    SPI2_IRQHandler                          0x08000123   Thumb Code     0  startup_stm32l1xx_md.o(.text)
    TAMPER_STAMP_IRQHandler                  0x08000123   Thumb Code     0  startup_stm32l1xx_md.o(.text)
    TIM10_IRQHandler                         0x08000123   Thumb Code     0  startup_stm32l1xx_md.o(.text)
    TIM11_IRQHandler                         0x08000123   Thumb Code     0  startup_stm32l1xx_md.o(.text)
    TIM2_IRQHandler                          0x08000123   Thumb Code     0  startup_stm32l1xx_md.o(.text)
    TIM6_IRQHandler                          0x08000123   Thumb Code     0  startup_stm32l1xx_md.o(.text)
    TIM7_IRQHandler                          0x08000123   Thumb Code     0  startup_stm32l1xx_md.o(.text)
    TIM9_IRQHandler                          0x08000123   Thumb Code     0  startup_stm32l1xx_md.o(.text)
    USART2_IRQHandler                        0x08000123   Thumb Code     0  startup_stm32l1xx_md.o(.text)
    USB_FS_WKUP_IRQHandler                   0x08000123   Thumb Code     0  startup_stm32l1xx_md.o(.text)
    USB_HP_IRQHandler                        0x08000123   Thumb Code     0  startup_stm32l1xx_md.o(.text)
    USB_LP_IRQHandler                        0x08000123   Thumb Code     0  startup_stm32l1xx_md.o(.text)
    WWDG_IRQHandler                          0x08000123   Thumb Code     0  startup_stm32l1xx_md.o(.text)
    strstr                                   0x0800012d   Thumb Code    36  strstr.o(.text)
    __aeabi_fadd                             0x08000151   Thumb Code   164  fadd.o(.text)
    __aeabi_fsub                             0x080001f5   Thumb Code     6  fadd.o(.text)
    __aeabi_frsub                            0x080001fb   Thumb Code     6  fadd.o(.text)
    __aeabi_dadd                             0x08000201   Thumb Code   322  dadd.o(.text)
    __aeabi_dsub                             0x08000343   Thumb Code     6  dadd.o(.text)
    __aeabi_drsub                            0x08000349   Thumb Code     6  dadd.o(.text)
    __aeabi_dmul                             0x0800034f   Thumb Code   228  dmul.o(.text)
    __aeabi_ddiv                             0x08000433   Thumb Code   222  ddiv.o(.text)
    __aeabi_ui2f                             0x08000511   Thumb Code    10  ffltui.o(.text)
    __aeabi_ui2d                             0x0800051b   Thumb Code    26  dfltui.o(.text)
    __aeabi_f2iz                             0x08000535   Thumb Code    50  ffixi.o(.text)
    __aeabi_f2uiz                            0x08000567   Thumb Code    40  ffixui.o(.text)
    __aeabi_f2d                              0x0800058f   Thumb Code    38  f2d.o(.text)
    __aeabi_d2f                              0x080005b5   Thumb Code    56  d2f.o(.text)
    __aeabi_uidiv                            0x080005ed   Thumb Code     0  uidiv.o(.text)
    __aeabi_uidivmod                         0x080005ed   Thumb Code    44  uidiv.o(.text)
    __aeabi_llsl                             0x08000619   Thumb Code    30  llshl.o(.text)
    _ll_shift_l                              0x08000619   Thumb Code     0  llshl.o(.text)
    __aeabi_lasr                             0x08000637   Thumb Code    36  llsshr.o(.text)
    _ll_sshift_r                             0x08000637   Thumb Code     0  llsshr.o(.text)
    __I$use$fp                               0x0800065b   Thumb Code     0  iusefp.o(.text)
    _float_round                             0x0800065b   Thumb Code    18  fepilogue.o(.text)
    _float_epilogue                          0x0800066d   Thumb Code    92  fepilogue.o(.text)
    _double_round                            0x080006c9   Thumb Code    30  depilogue.o(.text)
    _double_epilogue                         0x080006e7   Thumb Code   156  depilogue.o(.text)
    __scatterload                            0x08000785   Thumb Code    28  init.o(.text)
    __scatterload_rt2                        0x08000785   Thumb Code     0  init.o(.text)
    __aeabi_llsr                             0x080007a9   Thumb Code    32  llushr.o(.text)
    _ll_ushift_r                             0x080007a9   Thumb Code     0  llushr.o(.text)
    ADC_Cmd                                  0x080007c9   Thumb Code    22  stm32l1xx_adc.o(i.ADC_Cmd)
    ADC_Config                               0x080007e1   Thumb Code   308  adc.o(i.ADC_Config)
    ADC_DMACmd                               0x08000929   Thumb Code    22  stm32l1xx_adc.o(i.ADC_DMACmd)
    ADC_DMARequestAfterLastTransferCmd       0x0800093f   Thumb Code    22  stm32l1xx_adc.o(i.ADC_DMARequestAfterLastTransferCmd)
    ADC_DeInit                               0x08000955   Thumb Code    28  stm32l1xx_adc.o(i.ADC_DeInit)
    ADC_GetFlagStatus                        0x08000975   Thumb Code    18  stm32l1xx_adc.o(i.ADC_GetFlagStatus)
    ADC_Init                                 0x08000989   Thumb Code    74  stm32l1xx_adc.o(i.ADC_Init)
    ADC_RegularChannelConfig                 0x080009dd   Thumb Code   344  stm32l1xx_adc.o(i.ADC_RegularChannelConfig)
    ADC_SoftwareStartConv                    0x08000b35   Thumb Code    10  stm32l1xx_adc.o(i.ADC_SoftwareStartConv)
    BC28_ConUDP                              0x08000b41   Thumb Code   226  bc28.o(i.BC28_ConUDP)
    BC28_Init                                0x08000cc9   Thumb Code   880  bc28.o(i.BC28_Init)
    BC28_PDPACT                              0x08001105   Thumb Code   202  bc28.o(i.BC28_PDPACT)
    BC28_Senddata                            0x08001259   Thumb Code    68  bc28.o(i.BC28_Senddata)
    BusFault_Handler                         0x080012d5   Thumb Code     4  stm32l1xx_it.o(i.BusFault_Handler)
    Clear_Buffer                             0x080012d9   Thumb Code    16  bc28.o(i.Clear_Buffer)
    DHT11_Check                              0x080012f1   Thumb Code    82  dht11.o(i.DHT11_Check)
    DHT11_IO_IN                              0x08001349   Thumb Code    28  dht11.o(i.DHT11_IO_IN)
    DHT11_IO_OUT                             0x08001369   Thumb Code    26  dht11.o(i.DHT11_IO_OUT)
    DHT11_Init                               0x08001389   Thumb Code    20  dht11.o(i.DHT11_Init)
    DHT11_Read_Bit                           0x0800139d   Thumb Code    82  dht11.o(i.DHT11_Read_Bit)
    DHT11_Read_Byte                          0x080013f5   Thumb Code    30  dht11.o(i.DHT11_Read_Byte)
    DHT11_Read_Data                          0x08001413   Thumb Code    88  dht11.o(i.DHT11_Read_Data)
    DHT11_Rst                                0x0800146d   Thumb Code    36  dht11.o(i.DHT11_Rst)
    DMA_ClearFlag                            0x08001495   Thumb Code    18  stm32l1xx_dma.o(i.DMA_ClearFlag)
    DMA_Cmd                                  0x080014b1   Thumb Code    24  stm32l1xx_dma.o(i.DMA_Cmd)
    DMA_DeInit                               0x080014c9   Thumb Code   324  stm32l1xx_dma.o(i.DMA_DeInit)
    DMA_GetFlagStatus                        0x08001615   Thumb Code    36  stm32l1xx_dma.o(i.DMA_GetFlagStatus)
    DMA_Init                                 0x08001641   Thumb Code    60  stm32l1xx_dma.o(i.DMA_Init)
    DebugMon_Handler                         0x0800167d   Thumb Code     2  stm32l1xx_it.o(i.DebugMon_Handler)
    Delay                                    0x08001681   Thumb Code    58  delay.o(i.Delay)
    EXTI15_10_IRQHandler                     0x080016c1   Thumb Code    26  exti.o(i.EXTI15_10_IRQHandler)
    EXTI_ClearITPendingBit                   0x080016e1   Thumb Code     6  stm32l1xx_exti.o(i.EXTI_ClearITPendingBit)
    EXTI_GetITStatus                         0x080016ed   Thumb Code    20  stm32l1xx_exti.o(i.EXTI_GetITStatus)
    GPIO_Init                                0x08001705   Thumb Code   132  stm32l1xx_gpio.o(i.GPIO_Init)
    GPIO_PinAFConfig                         0x08001789   Thumb Code    70  stm32l1xx_gpio.o(i.GPIO_PinAFConfig)
    GPIO_ReadInputDataBit                    0x080017cf   Thumb Code    18  stm32l1xx_gpio.o(i.GPIO_ReadInputDataBit)
    GPIO_ResetBits                           0x080017e1   Thumb Code     4  stm32l1xx_gpio.o(i.GPIO_ResetBits)
    GPIO_SetBits                             0x080017e5   Thumb Code     4  stm32l1xx_gpio.o(i.GPIO_SetBits)
    GPIO_ToggleBits                          0x080017e9   Thumb Code     8  stm32l1xx_gpio.o(i.GPIO_ToggleBits)
    GetHumidata                              0x080017f1   Thumb Code   134  main.o(i.GetHumidata)
    GetTempdata                              0x08001881   Thumb Code   138  main.o(i.GetTempdata)
    GetTime                                  0x08001915   Thumb Code   316  main.o(i.GetTime)
    Get_Adc                                  0x08001a65   Thumb Code    28  adc.o(i.Get_Adc)
    Get_GP2Y                                 0x08001a85   Thumb Code   152  adc.o(i.Get_GP2Y)
    Get_Val                                  0x08001b3d   Thumb Code    28  adc.o(i.Get_Val)
    Getipdata                                0x08001b5d   Thumb Code   382  main.o(i.Getipdata)
    HardFault_Handler                        0x08001ce1   Thumb Code     4  stm32l1xx_it.o(i.HardFault_Handler)
    LED_Init                                 0x08001ce5   Thumb Code    32  led.o(i.LED_Init)
    Lsens_Get_Val                            0x08001d09   Thumb Code    84  adc.o(i.Lsens_Get_Val)
    MemManage_Handler                        0x08001d5d   Thumb Code     4  stm32l1xx_it.o(i.MemManage_Handler)
    NMI_Handler                              0x08001d61   Thumb Code     2  stm32l1xx_it.o(i.NMI_Handler)
    NVIC_Init                                0x08001d65   Thumb Code   106  misc.o(i.NVIC_Init)
    PWR_RTCAccessCmd                         0x08001ddd   Thumb Code     6  stm32l1xx_pwr.o(i.PWR_RTCAccessCmd)
    PendSV_Handler                           0x08001de9   Thumb Code     2  stm32l1xx_it.o(i.PendSV_Handler)
    RCC_AHBPeriphClockCmd                    0x08001ded   Thumb Code    26  stm32l1xx_rcc.o(i.RCC_AHBPeriphClockCmd)
    RCC_APB1PeriphClockCmd                   0x08001e0d   Thumb Code    26  stm32l1xx_rcc.o(i.RCC_APB1PeriphClockCmd)
    RCC_APB2PeriphClockCmd                   0x08001e2d   Thumb Code    26  stm32l1xx_rcc.o(i.RCC_APB2PeriphClockCmd)
    RCC_APB2PeriphResetCmd                   0x08001e4d   Thumb Code    26  stm32l1xx_rcc.o(i.RCC_APB2PeriphResetCmd)
    RCC_GetClocksFreq                        0x08001e6d   Thumb Code   234  stm32l1xx_rcc.o(i.RCC_GetClocksFreq)
    RCC_GetFlagStatus                        0x08001f6d   Thumb Code    48  stm32l1xx_rcc.o(i.RCC_GetFlagStatus)
    RCC_HSICmd                               0x08001fa1   Thumb Code     6  stm32l1xx_rcc.o(i.RCC_HSICmd)
    RCC_LSEConfig                            0x08001fad   Thumb Code    12  stm32l1xx_rcc.o(i.RCC_LSEConfig)
    RCC_RTCCLKCmd                            0x08001fbd   Thumb Code     6  stm32l1xx_rcc.o(i.RCC_RTCCLKCmd)
    RCC_RTCCLKConfig                         0x08001fc9   Thumb Code    64  stm32l1xx_rcc.o(i.RCC_RTCCLKConfig)
    RCC_RTCResetCmd                          0x0800200d   Thumb Code     6  stm32l1xx_rcc.o(i.RCC_RTCResetCmd)
    RTC_Alarm_IRQHandler                     0x08002019   Thumb Code    36  rtc.o(i.RTC_Alarm_IRQHandler)
    RTC_ClearFlag                            0x0800207d   Thumb Code    26  stm32l1xx_rtc.o(i.RTC_ClearFlag)
    RTC_Config                               0x0800209d   Thumb Code   166  rtc.o(i.RTC_Config)
    RTC_EnterInitMode                        0x08002149   Thumb Code    76  stm32l1xx_rtc.o(i.RTC_EnterInitMode)
    RTC_ExitInitMode                         0x08002199   Thumb Code    14  stm32l1xx_rtc.o(i.RTC_ExitInitMode)
    RTC_GetDate                              0x080021ad   Thumb Code    68  stm32l1xx_rtc.o(i.RTC_GetDate)
    RTC_GetFlagStatus                        0x080021f9   Thumb Code    32  stm32l1xx_rtc.o(i.RTC_GetFlagStatus)
    RTC_GetTime                              0x08002221   Thumb Code    72  stm32l1xx_rtc.o(i.RTC_GetTime)
    RTC_Init                                 0x08002271   Thumb Code    94  stm32l1xx_rtc.o(i.RTC_Init)
    RTC_ReadBackupRegister                   0x080022d5   Thumb Code    26  stm32l1xx_rtc.o(i.RTC_ReadBackupRegister)
    RTC_SetDate                              0x080022f5   Thumb Code   190  stm32l1xx_rtc.o(i.RTC_SetDate)
    RTC_SetTime                              0x080023bd   Thumb Code   198  stm32l1xx_rtc.o(i.RTC_SetTime)
    RTC_Set_Date                             0x0800248d   Thumb Code    36  rtc.o(i.RTC_Set_Date)
    RTC_Set_Time                             0x080024b1   Thumb Code    36  rtc.o(i.RTC_Set_Time)
    RTC_WaitForSynchro                       0x080024d5   Thumb Code    92  stm32l1xx_rtc.o(i.RTC_WaitForSynchro)
    RTC_WriteBackupRegister                  0x08002535   Thumb Code    24  stm32l1xx_rtc.o(i.RTC_WriteBackupRegister)
    SVC_Handler                              0x08002551   Thumb Code     2  stm32l1xx_it.o(i.SVC_Handler)
    SendLsens                                0x08002555   Thumb Code   144  main.o(i.SendLsens)
    SysTick_CLKSourceConfig                  0x08002701   Thumb Code    40  misc.o(i.SysTick_CLKSourceConfig)
    SysTick_Handler                          0x08002729   Thumb Code     2  stm32l1xx_it.o(i.SysTick_Handler)
    SystemInit                               0x0800272d   Thumb Code    88  system_stm32l1xx.o(i.SystemInit)
    TIM3_IRQHandler                          0x08002795   Thumb Code    58  timer.o(i.TIM3_IRQHandler)
    TIM3_Int_Init                            0x080027dd   Thumb Code    90  timer.o(i.TIM3_Int_Init)
    TIM4_IRQHandler                          0x0800283d   Thumb Code    60  timer.o(i.TIM4_IRQHandler)
    TIM4_Int_Init                            0x08002889   Thumb Code    90  timer.o(i.TIM4_Int_Init)
    TIM_ClearITPendingBit                    0x080028e9   Thumb Code     6  stm32l1xx_tim.o(i.TIM_ClearITPendingBit)
    TIM_Cmd                                  0x080028ef   Thumb Code    24  stm32l1xx_tim.o(i.TIM_Cmd)
    TIM_GetITStatus                          0x08002907   Thumb Code    34  stm32l1xx_tim.o(i.TIM_GetITStatus)
    TIM_ITConfig                             0x08002929   Thumb Code    18  stm32l1xx_tim.o(i.TIM_ITConfig)
    TIM_SetCompare2                          0x0800293b   Thumb Code     4  stm32l1xx_tim.o(i.TIM_SetCompare2)
    TIM_TimeBaseInit                         0x08002941   Thumb Code    76  stm32l1xx_tim.o(i.TIM_TimeBaseInit)
    USART1_IRQHandler                        0x080029a1   Thumb Code    40  usart.o(i.USART1_IRQHandler)
    USART3_IRQHandler                        0x080029d5   Thumb Code    40  usart.o(i.USART3_IRQHandler)
    USART_Cmd                                0x08002a09   Thumb Code    24  stm32l1xx_usart.o(i.USART_Cmd)
    USART_GetITStatus                        0x08002a21   Thumb Code    84  stm32l1xx_usart.o(i.USART_GetITStatus)
    USART_ITConfig                           0x08002a75   Thumb Code    74  stm32l1xx_usart.o(i.USART_ITConfig)
    USART_Init                               0x08002ac1   Thumb Code   198  stm32l1xx_usart.o(i.USART_Init)
    USART_ReceiveData                        0x08002b8d   Thumb Code    10  stm32l1xx_usart.o(i.USART_ReceiveData)
    Uart1_SendStr                            0x08002b99   Thumb Code    36  usart.o(i.Uart1_SendStr)
    UsageFault_Handler                       0x08002bc1   Thumb Code     4  stm32l1xx_it.o(i.UsageFault_Handler)
    __0printf$6                              0x08002bc5   Thumb Code    22  printf6.o(i.__0printf$6)
    __1printf$6                              0x08002bc5   Thumb Code     0  printf6.o(i.__0printf$6)
    __2printf                                0x08002bc5   Thumb Code     0  printf6.o(i.__0printf$6)
    __0sprintf$6                             0x08002be5   Thumb Code    34  printf6.o(i.__0sprintf$6)
    __1sprintf$6                             0x08002be5   Thumb Code     0  printf6.o(i.__0sprintf$6)
    __2sprintf                               0x08002be5   Thumb Code     0  printf6.o(i.__0sprintf$6)
    __scatterload_copy                       0x08002c0d   Thumb Code    14  handlers.o(i.__scatterload_copy)
    __scatterload_null                       0x08002c1b   Thumb Code     2  handlers.o(i.__scatterload_null)
    __scatterload_zeroinit                   0x08002c1d   Thumb Code    14  handlers.o(i.__scatterload_zeroinit)
    delay_init                               0x08002f79   Thumb Code    50  delay.o(i.delay_init)
    delay_ms                                 0x08002fbd   Thumb Code    58  delay.o(i.delay_ms)
    delay_us                                 0x08002ffd   Thumb Code    58  delay.o(i.delay_us)
    dustDensi                                0x0800303d   Thumb Code   156  main.o(i.dustDensi)
    fputc                                    0x080030e1   Thumb Code    24  usart.o(i.fputc)
    main                                     0x080030fd   Thumb Code   266  main.o(i.main)
    uart2_init                               0x08003219   Thumb Code   180  usart.o(i.uart2_init)
    uart3_init                               0x080032d5   Thumb Code   182  usart.o(i.uart3_init)
    uart_init                                0x08003395   Thumb Code   184  usart.o(i.uart_init)
    Region$$Table$$Base                      0x08003454   Number         0  anon$$obj.o(Region$$Table)
    Region$$Table$$Limit                     0x08003474   Number         0  anon$$obj.o(Region$$Table)
    strx                                     0x20000000   Data           4  bc28.o(.data)
    extstrx                                  0x20000004   Data           4  bc28.o(.data)
    strx2                                    0x20000008   Data           4  bc28.o(.data)
    SystemCoreClock                          0x20000028   Data           4  system_stm32l1xx.o(.data)
    PLLMulTable                              0x2000002c   Data           9  system_stm32l1xx.o(.data)
    AHBPrescTable                            0x20000035   Data          16  system_stm32l1xx.o(.data)
    RxCounter                                0x20000045   Data           1  usart.o(.data)
    RxCounter1                               0x20000046   Data           1  usart.o(.data)
    Timeout                                  0x20000047   Data           1  timer.o(.data)
    uart1_getok                              0x20000048   Data           1  timer.o(.data)
    netstatus                                0x20000049   Data           1  timer.o(.data)
    EXTIstatus                               0x2000004e   Data           1  exti.o(.data)
    RegularConvData_Tab                      0x20000050   Data           4  adc.o(.data)
    ADC1ConvertedValue                       0x20000054   Data           2  adc.o(.data)
    ADC1ConvertedVoltage                     0x20000056   Data           2  adc.o(.data)
    VREFINT_CAL                              0x20000058   Data           2  adc.o(.data)
    VREFINT_DATA                             0x2000005a   Data           2  adc.o(.data)
    Vbat_value                               0x2000005c   Data           4  adc.o(.data)
    __stdout                                 0x20000060   Data           4  stdout.o(.data)
    sendata                                  0x20000064   Data         100  main.o(.bss)
    BC28_Status                              0x200000c8   Data         130  bc28.o(.bss)
    RxBuffer                                 0x2000014a   Data         100  usart.o(.bss)
    RxBuffer1                                0x200001ae   Data         100  usart.o(.bss)
    __initial_sp                             0x20000618   Data           0  startup_stm32l1xx_md.o(STACK)



==============================================================================

Memory Map of the image

  Image Entry point : 0x080000f5

  Load Region LR_IROM1 (Base: 0x08000000, Size: 0x000034d8, Max: 0x00010000, ABSOLUTE)

    Execution Region ER_IROM1 (Base: 0x08000000, Size: 0x00003474, Max: 0x00010000, ABSOLUTE)

    Base Addr    Size         Type   Attr      Idx    E Section Name        Object

    0x08000000   0x000000f4   Data   RO         4222    RESET               startup_stm32l1xx_md.o
    0x080000f4   0x00000000   Code   RO         4736  * .ARM.Collect$$$$00000000  mc_w.l(entry.o)
    0x080000f4   0x00000004   Code   RO         5022    .ARM.Collect$$$$00000001  mc_w.l(entry2.o)
    0x080000f8   0x00000004   Code   RO         5025    .ARM.Collect$$$$00000004  mc_w.l(entry5.o)
    0x080000fc   0x00000000   Code   RO         5027    .ARM.Collect$$$$00000008  mc_w.l(entry7b.o)
    0x080000fc   0x00000000   Code   RO         5029    .ARM.Collect$$$$0000000A  mc_w.l(entry8b.o)
    0x080000fc   0x00000008   Code   RO         5030    .ARM.Collect$$$$0000000B  mc_w.l(entry9a.o)
    0x08000104   0x00000000   Code   RO         5032    .ARM.Collect$$$$0000000D  mc_w.l(entry10a.o)
    0x08000104   0x00000000   Code   RO         5034    .ARM.Collect$$$$0000000F  mc_w.l(entry11a.o)
    0x08000104   0x00000004   Code   RO         5023    .ARM.Collect$$$$00002712  mc_w.l(entry2.o)
    0x08000108   0x00000024   Code   RO         4223    .text               startup_stm32l1xx_md.o
    0x0800012c   0x00000024   Code   RO         4739    .text               mc_w.l(strstr.o)
    0x08000150   0x000000b0   Code   RO         5002    .text               mf_w.l(fadd.o)
    0x08000200   0x0000014e   Code   RO         5004    .text               mf_w.l(dadd.o)
    0x0800034e   0x000000e4   Code   RO         5006    .text               mf_w.l(dmul.o)
    0x08000432   0x000000de   Code   RO         5008    .text               mf_w.l(ddiv.o)
    0x08000510   0x0000000a   Code   RO         5010    .text               mf_w.l(ffltui.o)
    0x0800051a   0x0000001a   Code   RO         5012    .text               mf_w.l(dfltui.o)
    0x08000534   0x00000032   Code   RO         5014    .text               mf_w.l(ffixi.o)
    0x08000566   0x00000028   Code   RO         5016    .text               mf_w.l(ffixui.o)
    0x0800058e   0x00000026   Code   RO         5018    .text               mf_w.l(f2d.o)
    0x080005b4   0x00000038   Code   RO         5020    .text               mf_w.l(d2f.o)
    0x080005ec   0x0000002c   Code   RO         5037    .text               mc_w.l(uidiv.o)
    0x08000618   0x0000001e   Code   RO         5041    .text               mc_w.l(llshl.o)
    0x08000636   0x00000024   Code   RO         5043    .text               mc_w.l(llsshr.o)
    0x0800065a   0x00000000   Code   RO         5045    .text               mc_w.l(iusefp.o)
    0x0800065a   0x0000006e   Code   RO         5046    .text               mf_w.l(fepilogue.o)
    0x080006c8   0x000000ba   Code   RO         5048    .text               mf_w.l(depilogue.o)
    0x08000782   0x00000002   PAD
    0x08000784   0x00000024   Code   RO         5054    .text               mc_w.l(init.o)
    0x080007a8   0x00000020   Code   RO         5056    .text               mc_w.l(llushr.o)
    0x080007c8   0x00000016   Code   RO          486    i.ADC_Cmd           stm32l1xx_adc.o
    0x080007de   0x00000002   PAD
    0x080007e0   0x00000148   Code   RO         4691    i.ADC_Config        adc.o
    0x08000928   0x00000016   Code   RO          490    i.ADC_DMACmd        stm32l1xx_adc.o
    0x0800093e   0x00000016   Code   RO          491    i.ADC_DMARequestAfterLastTransferCmd  stm32l1xx_adc.o
    0x08000954   0x00000020   Code   RO          492    i.ADC_DeInit        stm32l1xx_adc.o
    0x08000974   0x00000012   Code   RO          500    i.ADC_GetFlagStatus  stm32l1xx_adc.o
    0x08000986   0x00000002   PAD
    0x08000988   0x00000054   Code   RO          506    i.ADC_Init          stm32l1xx_adc.o
    0x080009dc   0x00000158   Code   RO          511    i.ADC_RegularChannelConfig  stm32l1xx_adc.o
    0x08000b34   0x0000000a   Code   RO          513    i.ADC_SoftwareStartConv  stm32l1xx_adc.o
    0x08000b3e   0x00000002   PAD
    0x08000b40   0x00000188   Code   RO          283    i.BC28_ConUDP       bc28.o
    0x08000cc8   0x0000043c   Code   RO          284    i.BC28_Init         bc28.o
    0x08001104   0x00000154   Code   RO          285    i.BC28_PDPACT       bc28.o
    0x08001258   0x0000007c   Code   RO          287    i.BC28_Senddata     bc28.o
    0x080012d4   0x00000004   Code   RO          208    i.BusFault_Handler  stm32l1xx_it.o
    0x080012d8   0x00000018   Code   RO          288    i.Clear_Buffer      bc28.o
    0x080012f0   0x00000058   Code   RO         4407    i.DHT11_Check       dht11.o
    0x08001348   0x00000020   Code   RO         4408    i.DHT11_IO_IN       dht11.o
    0x08001368   0x00000020   Code   RO         4409    i.DHT11_IO_OUT      dht11.o
    0x08001388   0x00000014   Code   RO         4410    i.DHT11_Init        dht11.o
    0x0800139c   0x00000058   Code   RO         4411    i.DHT11_Read_Bit    dht11.o
    0x080013f4   0x0000001e   Code   RO         4412    i.DHT11_Read_Byte   dht11.o
    0x08001412   0x00000058   Code   RO         4413    i.DHT11_Read_Data   dht11.o
    0x0800146a   0x00000002   PAD
    0x0800146c   0x00000028   Code   RO         4414    i.DHT11_Rst         dht11.o
    0x08001494   0x0000001c   Code   RO         1124    i.DMA_ClearFlag     stm32l1xx_dma.o
    0x080014b0   0x00000018   Code   RO         1126    i.DMA_Cmd           stm32l1xx_dma.o
    0x080014c8   0x0000014c   Code   RO         1127    i.DMA_DeInit        stm32l1xx_dma.o
    0x08001614   0x0000002c   Code   RO         1129    i.DMA_GetFlagStatus  stm32l1xx_dma.o
    0x08001640   0x0000003c   Code   RO         1132    i.DMA_Init          stm32l1xx_dma.o
    0x0800167c   0x00000002   Code   RO          209    i.DebugMon_Handler  stm32l1xx_it.o
    0x0800167e   0x00000002   PAD
    0x08001680   0x00000040   Code   RO         4367    i.Delay             delay.o
    0x080016c0   0x00000020   Code   RO         4611    i.EXTI15_10_IRQHandler  exti.o
    0x080016e0   0x0000000c   Code   RO         1208    i.EXTI_ClearITPendingBit  stm32l1xx_exti.o
    0x080016ec   0x00000018   Code   RO         1212    i.EXTI_GetITStatus  stm32l1xx_exti.o
    0x08001704   0x00000084   Code   RO         1673    i.GPIO_Init         stm32l1xx_gpio.o
    0x08001788   0x00000046   Code   RO         1674    i.GPIO_PinAFConfig  stm32l1xx_gpio.o
    0x080017ce   0x00000012   Code   RO         1677    i.GPIO_ReadInputDataBit  stm32l1xx_gpio.o
    0x080017e0   0x00000004   Code   RO         1680    i.GPIO_ResetBits    stm32l1xx_gpio.o
    0x080017e4   0x00000004   Code   RO         1681    i.GPIO_SetBits      stm32l1xx_gpio.o
    0x080017e8   0x00000008   Code   RO         1683    i.GPIO_ToggleBits   stm32l1xx_gpio.o
    0x080017f0   0x00000090   Code   RO            3    i.GetHumidata       main.o
    0x08001880   0x00000094   Code   RO            4    i.GetTempdata       main.o
    0x08001914   0x00000150   Code   RO            5    i.GetTime           main.o
    0x08001a64   0x00000020   Code   RO         4692    i.Get_Adc           adc.o
    0x08001a84   0x000000b8   Code   RO         4693    i.Get_GP2Y          adc.o
    0x08001b3c   0x00000020   Code   RO         4694    i.Get_Val           adc.o
    0x08001b5c   0x00000184   Code   RO            6    i.Getipdata         main.o
    0x08001ce0   0x00000004   Code   RO          210    i.HardFault_Handler  stm32l1xx_it.o
    0x08001ce4   0x00000024   Code   RO         4347    i.LED_Init          led.o
    0x08001d08   0x00000054   Code   RO         4695    i.Lsens_Get_Val     adc.o
    0x08001d5c   0x00000004   Code   RO          211    i.MemManage_Handler  stm32l1xx_it.o
    0x08001d60   0x00000002   Code   RO          212    i.NMI_Handler       stm32l1xx_it.o
    0x08001d62   0x00000002   PAD
    0x08001d64   0x00000078   Code   RO          360    i.NVIC_Init         misc.o
    0x08001ddc   0x0000000c   Code   RO         2241    i.PWR_RTCAccessCmd  stm32l1xx_pwr.o
    0x08001de8   0x00000002   Code   RO          213    i.PendSV_Handler    stm32l1xx_it.o
    0x08001dea   0x00000002   PAD
    0x08001dec   0x00000020   Code   RO         2329    i.RCC_AHBPeriphClockCmd  stm32l1xx_rcc.o
    0x08001e0c   0x00000020   Code   RO         2332    i.RCC_APB1PeriphClockCmd  stm32l1xx_rcc.o
    0x08001e2c   0x00000020   Code   RO         2335    i.RCC_APB2PeriphClockCmd  stm32l1xx_rcc.o
    0x08001e4c   0x00000020   Code   RO         2337    i.RCC_APB2PeriphResetCmd  stm32l1xx_rcc.o
    0x08001e6c   0x00000100   Code   RO         2344    i.RCC_GetClocksFreq  stm32l1xx_rcc.o
    0x08001f6c   0x00000034   Code   RO         2345    i.RCC_GetFlagStatus  stm32l1xx_rcc.o
    0x08001fa0   0x0000000c   Code   RO         2350    i.RCC_HSICmd        stm32l1xx_rcc.o
    0x08001fac   0x00000010   Code   RO         2353    i.RCC_LSEConfig     stm32l1xx_rcc.o
    0x08001fbc   0x0000000c   Code   RO         2362    i.RCC_RTCCLKCmd     stm32l1xx_rcc.o
    0x08001fc8   0x00000044   Code   RO         2363    i.RCC_RTCCLKConfig  stm32l1xx_rcc.o
    0x0800200c   0x0000000c   Code   RO         2364    i.RCC_RTCResetCmd   stm32l1xx_rcc.o
    0x08002018   0x00000030   Code   RO         4643    i.RTC_Alarm_IRQHandler  rtc.o
    0x08002048   0x00000016   Code   RO         2579    i.RTC_Bcd2ToByte    stm32l1xx_rtc.o
    0x0800205e   0x0000001c   Code   RO         2581    i.RTC_ByteToBcd2    stm32l1xx_rtc.o
    0x0800207a   0x00000002   PAD
    0x0800207c   0x00000020   Code   RO         2584    i.RTC_ClearFlag     stm32l1xx_rtc.o
    0x0800209c   0x000000ac   Code   RO         4644    i.RTC_Config        rtc.o
    0x08002148   0x00000050   Code   RO         2591    i.RTC_EnterInitMode  stm32l1xx_rtc.o
    0x08002198   0x00000014   Code   RO         2592    i.RTC_ExitInitMode  stm32l1xx_rtc.o
    0x080021ac   0x0000004c   Code   RO         2595    i.RTC_GetDate       stm32l1xx_rtc.o
    0x080021f8   0x00000028   Code   RO         2596    i.RTC_GetFlagStatus  stm32l1xx_rtc.o
    0x08002220   0x00000050   Code   RO         2600    i.RTC_GetTime       stm32l1xx_rtc.o
    0x08002270   0x00000064   Code   RO         2605    i.RTC_Init          stm32l1xx_rtc.o
    0x080022d4   0x00000020   Code   RO         2608    i.RTC_ReadBackupRegister  stm32l1xx_rtc.o
    0x080022f4   0x000000c8   Code   RO         2611    i.RTC_SetDate       stm32l1xx_rtc.o
    0x080023bc   0x000000d0   Code   RO         2612    i.RTC_SetTime       stm32l1xx_rtc.o
    0x0800248c   0x00000024   Code   RO         4645    i.RTC_Set_Date      rtc.o
    0x080024b0   0x00000024   Code   RO         4646    i.RTC_Set_Time      rtc.o
    0x080024d4   0x00000060   Code   RO         2626    i.RTC_WaitForSynchro  stm32l1xx_rtc.o
    0x08002534   0x0000001c   Code   RO         2629    i.RTC_WriteBackupRegister  stm32l1xx_rtc.o
    0x08002550   0x00000002   Code   RO          214    i.SVC_Handler       stm32l1xx_it.o
    0x08002552   0x00000002   PAD
    0x08002554   0x0000009c   Code   RO            7    i.SendLsens         main.o
    0x080025f0   0x00000110   Code   RO         4185    i.SetSysClock       system_stm32l1xx.o
    0x08002700   0x00000028   Code   RO          364    i.SysTick_CLKSourceConfig  misc.o
    0x08002728   0x00000002   Code   RO          215    i.SysTick_Handler   stm32l1xx_it.o
    0x0800272a   0x00000002   PAD
    0x0800272c   0x00000068   Code   RO         4187    i.SystemInit        system_stm32l1xx.o
    0x08002794   0x00000048   Code   RO         4302    i.TIM3_IRQHandler   timer.o
    0x080027dc   0x00000060   Code   RO         4303    i.TIM3_Int_Init     timer.o
    0x0800283c   0x0000004c   Code   RO         4304    i.TIM4_IRQHandler   timer.o
    0x08002888   0x00000060   Code   RO         4305    i.TIM4_Int_Init     timer.o
    0x080028e8   0x00000006   Code   RO         3372    i.TIM_ClearITPendingBit  stm32l1xx_tim.o
    0x080028ee   0x00000018   Code   RO         3377    i.TIM_Cmd           stm32l1xx_tim.o
    0x08002906   0x00000022   Code   RO         3397    i.TIM_GetITStatus   stm32l1xx_tim.o
    0x08002928   0x00000012   Code   RO         3401    i.TIM_ITConfig      stm32l1xx_tim.o
    0x0800293a   0x00000004   Code   RO         3436    i.TIM_SetCompare2   stm32l1xx_tim.o
    0x0800293e   0x00000002   PAD
    0x08002940   0x00000060   Code   RO         3445    i.TIM_TimeBaseInit  stm32l1xx_tim.o
    0x080029a0   0x00000034   Code   RO         4231    i.USART1_IRQHandler  usart.o
    0x080029d4   0x00000034   Code   RO         4232    i.USART3_IRQHandler  usart.o
    0x08002a08   0x00000018   Code   RO         3886    i.USART_Cmd         stm32l1xx_usart.o
    0x08002a20   0x00000054   Code   RO         3890    i.USART_GetITStatus  stm32l1xx_usart.o
    0x08002a74   0x0000004a   Code   RO         3892    i.USART_ITConfig    stm32l1xx_usart.o
    0x08002abe   0x00000002   PAD
    0x08002ac0   0x000000cc   Code   RO         3893    i.USART_Init        stm32l1xx_usart.o
    0x08002b8c   0x0000000a   Code   RO         3900    i.USART_ReceiveData  stm32l1xx_usart.o
    0x08002b96   0x00000002   PAD
    0x08002b98   0x00000028   Code   RO         4233    i.Uart1_SendStr     usart.o
    0x08002bc0   0x00000004   Code   RO          216    i.UsageFault_Handler  stm32l1xx_it.o
    0x08002bc4   0x00000020   Code   RO         4896    i.__0printf$6       mc_w.l(printf6.o)
    0x08002be4   0x00000028   Code   RO         4898    i.__0sprintf$6      mc_w.l(printf6.o)
    0x08002c0c   0x0000000e   Code   RO         5060    i.__scatterload_copy  mc_w.l(handlers.o)
    0x08002c1a   0x00000002   Code   RO         5061    i.__scatterload_null  mc_w.l(handlers.o)
    0x08002c1c   0x0000000e   Code   RO         5062    i.__scatterload_zeroinit  mc_w.l(handlers.o)
    0x08002c2a   0x00000002   PAD
    0x08002c2c   0x000002f0   Code   RO         4903    i._printf_core      mc_w.l(printf6.o)
    0x08002f1c   0x00000024   Code   RO         4904    i._printf_post_padding  mc_w.l(printf6.o)
    0x08002f40   0x0000002e   Code   RO         4905    i._printf_pre_padding  mc_w.l(printf6.o)
    0x08002f6e   0x0000000a   Code   RO         4907    i._sputc            mc_w.l(printf6.o)
    0x08002f78   0x00000044   Code   RO         4368    i.delay_init        delay.o
    0x08002fbc   0x00000040   Code   RO         4369    i.delay_ms          delay.o
    0x08002ffc   0x00000040   Code   RO         4370    i.delay_us          delay.o
    0x0800303c   0x000000a4   Code   RO            9    i.dustDensi         main.o
    0x080030e0   0x0000001c   Code   RO         4234    i.fputc             usart.o
    0x080030fc   0x0000011c   Code   RO           10    i.main              main.o
    0x08003218   0x000000bc   Code   RO         4235    i.uart2_init        usart.o
    0x080032d4   0x000000c0   Code   RO         4236    i.uart3_init        usart.o
    0x08003394   0x000000c0   Code   RO         4237    i.uart_init         usart.o
    0x08003454   0x00000020   Data   RO         5058    Region$$Table       anon$$obj.o


    Execution Region RW_IRAM1 (Base: 0x20000000, Size: 0x00000618, Max: 0x00002800, ABSOLUTE)

    Base Addr    Size         Type   Attr      Idx    E Section Name        Object

    0x20000000   0x0000000d   Data   RW          290    .data               bc28.o
    0x2000000d   0x00000019   Data   RW         2367    .data               stm32l1xx_rcc.o
    0x20000026   0x00000002   PAD
    0x20000028   0x0000001d   Data   RW         4188    .data               system_stm32l1xx.o
    0x20000045   0x00000002   Data   RW         4239    .data               usart.o
    0x20000047   0x00000003   Data   RW         4306    .data               timer.o
    0x2000004a   0x00000004   Data   RW         4371    .data               delay.o
    0x2000004e   0x00000001   Data   RW         4613    .data               exti.o
    0x2000004f   0x00000001   PAD
    0x20000050   0x00000010   Data   RW         4696    .data               adc.o
    0x20000060   0x00000004   Data   RW         5036    .data               mc_w.l(stdout.o)
    0x20000064   0x00000064   Zero   RW           11    .bss                main.o
    0x200000c8   0x00000082   Zero   RW          289    .bss                bc28.o
    0x2000014a   0x000000c8   Zero   RW         4238    .bss                usart.o
    0x20000212   0x00000006   PAD
    0x20000218   0x00000400   Zero   RW         4220    STACK               startup_stm32l1xx_md.o


==============================================================================

Image component sizes


      Code (inc. data)   RO Data    RW Data    ZI Data      Debug   Object Name

       660         60          0         16          0       4006   adc.o
      1964        572          0         13        130     204308   bc28.o
       260         36          0          4          0       2395   delay.o
       418         26          0          0          0       4909   dht11.o
        32          6          0          1          0       1168   exti.o
        36          4          0          0          0        499   led.o
      1620         84          0          0        100     275111   main.o
       160         14          0          0          0      12862   misc.o
       292         18          0          0          0       2586   rtc.o
        36          8        244          0       1024        928   startup_stm32l1xx_md.o
       554         14          0          0          0      19035   stm32l1xx_adc.o
       488         26          0          0          0      15010   stm32l1xx_dma.o
        36         10          0          0          0       1228   stm32l1xx_exti.o
       236          0          0          0          0      10313   stm32l1xx_gpio.o
        26          0          0          0          0       3918   stm32l1xx_it.o
        12          6          0          0          0        575   stm32l1xx_pwr.o
       556         76          0         25          0      18305   stm32l1xx_rcc.o
      1042         80          0          0          0      26498   stm32l1xx_rtc.o
       182         20          0          0          0      22308   stm32l1xx_tim.o
       396          6          0          0          0      10642   stm32l1xx_usart.o
       376         30          0         29          0       1837   system_stm32l1xx.o
       340         42          0          3          0       2684   timer.o
       744         58          0          2        200       5154   usart.o

    ----------------------------------------------------------------------
     10492       1196        276         96       1460     646279   Object Totals
         0          0         32          0          0          0   (incl. Generated)
        26          0          0          3          6          0   (incl. Padding)

    ----------------------------------------------------------------------

      Code (inc. data)   RO Data    RW Data    ZI Data      Debug   Library Member Name

         0          0          0          0          0          0   entry.o
         0          0          0          0          0          0   entry10a.o
         0          0          0          0          0          0   entry11a.o
         8          4          0          0          0          0   entry2.o
         4          0          0          0          0          0   entry5.o
         0          0          0          0          0          0   entry7b.o
         0          0          0          0          0          0   entry8b.o
         8          4          0          0          0          0   entry9a.o
        30          0          0          0          0          0   handlers.o
        36          8          0          0          0         68   init.o
         0          0          0          0          0          0   iusefp.o
        30          0          0          0          0         68   llshl.o
        36          0          0          0          0         68   llsshr.o
        32          0          0          0          0         68   llushr.o
       916         20          0          0          0        504   printf6.o
         0          0          0          4          0          0   stdout.o
        36          0          0          0          0         80   strstr.o
        44          0          0          0          0         80   uidiv.o
        56          0          0          0          0         88   d2f.o
       334          0          0          0          0        148   dadd.o
       222          0          0          0          0        100   ddiv.o
       186          0          0          0          0        176   depilogue.o
        26          0          0          0          0         76   dfltui.o
       228          0          0          0          0         96   dmul.o
        38          0          0          0          0         68   f2d.o
       176          0          0          0          0        140   fadd.o
       110          0          0          0          0        168   fepilogue.o
        50          0          0          0          0         68   ffixi.o
        40          0          0          0          0         68   ffixui.o
        10          0          0          0          0         68   ffltui.o

    ----------------------------------------------------------------------
      2660         36          0          4          0       2200   Library Totals
         4          0          0          0          0          0   (incl. Padding)

    ----------------------------------------------------------------------

      Code (inc. data)   RO Data    RW Data    ZI Data      Debug   Library Name

      1180         36          0          4          0        936   mc_w.l
      1476          0          0          0          0       1264   mf_w.l

    ----------------------------------------------------------------------
      2660         36          0          4          0       2200   Library Totals

    ----------------------------------------------------------------------

==============================================================================


      Code (inc. data)   RO Data    RW Data    ZI Data      Debug   

     13152       1232        276        100       1460     641663   Grand Totals
     13152       1232        276        100       1460     641663   ELF Image Totals
     13152       1232        276        100          0          0   ROM Totals

==============================================================================

    Total RO  Size (Code + RO Data)                13428 (  13.11kB)
    Total RW  Size (RW Data + ZI Data)              1560 (   1.52kB)
    Total ROM Size (Code + RO Data + RW Data)      13528 (  13.21kB)

==============================================================================

